Archive member included to satisfy reference by file (symbol)

C:/ST/STM32CubeIDE_1.15.1/STM32CubeIDE/plugins/com.st.stm32cube.ide.mcu.externaltools.gnu-tools-for-stm32.12.3.rel1.win32_1.0.100.202403111256/tools/bin/../lib/gcc/arm-none-eabi/12.3.1/../../../../arm-none-eabi/lib/thumb/v7e-m+fp/hard\libc_nano.a(libc_a-exit.o)
                              C:/ST/STM32CubeIDE_1.15.1/STM32CubeIDE/plugins/com.st.stm32cube.ide.mcu.externaltools.gnu-tools-for-stm32.12.3.rel1.win32_1.0.100.202403111256/tools/bin/../lib/gcc/arm-none-eabi/12.3.1/../../../../arm-none-eabi/lib/thumb/v7e-m+fp/hard/crt0.o (exit)
C:/ST/STM32CubeIDE_1.15.1/STM32CubeIDE/plugins/com.st.stm32cube.ide.mcu.externaltools.gnu-tools-for-stm32.12.3.rel1.win32_1.0.100.202403111256/tools/bin/../lib/gcc/arm-none-eabi/12.3.1/../../../../arm-none-eabi/lib/thumb/v7e-m+fp/hard\libc_nano.a(libc_a-findfp.o)
                              C:/ST/STM32CubeIDE_1.15.1/STM32CubeIDE/plugins/com.st.stm32cube.ide.mcu.externaltools.gnu-tools-for-stm32.12.3.rel1.win32_1.0.100.202403111256/tools/bin/../lib/gcc/arm-none-eabi/12.3.1/../../../../arm-none-eabi/lib/thumb/v7e-m+fp/hard\libc_nano.a(libc_a-exit.o) (__stdio_exit_handler)
C:/ST/STM32CubeIDE_1.15.1/STM32CubeIDE/plugins/com.st.stm32cube.ide.mcu.externaltools.gnu-tools-for-stm32.12.3.rel1.win32_1.0.100.202403111256/tools/bin/../lib/gcc/arm-none-eabi/12.3.1/../../../../arm-none-eabi/lib/thumb/v7e-m+fp/hard\libc_nano.a(libc_a-fwalk.o)
                              C:/ST/STM32CubeIDE_1.15.1/STM32CubeIDE/plugins/com.st.stm32cube.ide.mcu.externaltools.gnu-tools-for-stm32.12.3.rel1.win32_1.0.100.202403111256/tools/bin/../lib/gcc/arm-none-eabi/12.3.1/../../../../arm-none-eabi/lib/thumb/v7e-m+fp/hard\libc_nano.a(libc_a-findfp.o) (_fwalk_sglue)
C:/ST/STM32CubeIDE_1.15.1/STM32CubeIDE/plugins/com.st.stm32cube.ide.mcu.externaltools.gnu-tools-for-stm32.12.3.rel1.win32_1.0.100.202403111256/tools/bin/../lib/gcc/arm-none-eabi/12.3.1/../../../../arm-none-eabi/lib/thumb/v7e-m+fp/hard\libc_nano.a(libc_a-snprintf.o)
                              Core\Src\main.o (snprintf)
C:/ST/STM32CubeIDE_1.15.1/STM32CubeIDE/plugins/com.st.stm32cube.ide.mcu.externaltools.gnu-tools-for-stm32.12.3.rel1.win32_1.0.100.202403111256/tools/bin/../lib/gcc/arm-none-eabi/12.3.1/../../../../arm-none-eabi/lib/thumb/v7e-m+fp/hard\libc_nano.a(libc_a-stdio.o)
                              C:/ST/STM32CubeIDE_1.15.1/STM32CubeIDE/plugins/com.st.stm32cube.ide.mcu.externaltools.gnu-tools-for-stm32.12.3.rel1.win32_1.0.100.202403111256/tools/bin/../lib/gcc/arm-none-eabi/12.3.1/../../../../arm-none-eabi/lib/thumb/v7e-m+fp/hard\libc_nano.a(libc_a-findfp.o) (__sread)
C:/ST/STM32CubeIDE_1.15.1/STM32CubeIDE/plugins/com.st.stm32cube.ide.mcu.externaltools.gnu-tools-for-stm32.12.3.rel1.win32_1.0.100.202403111256/tools/bin/../lib/gcc/arm-none-eabi/12.3.1/../../../../arm-none-eabi/lib/thumb/v7e-m+fp/hard\libc_nano.a(libc_a-memset.o)
                              C:/ST/STM32CubeIDE_1.15.1/STM32CubeIDE/plugins/com.st.stm32cube.ide.mcu.externaltools.gnu-tools-for-stm32.12.3.rel1.win32_1.0.100.202403111256/tools/bin/../lib/gcc/arm-none-eabi/12.3.1/../../../../arm-none-eabi/lib/thumb/v7e-m+fp/hard/crt0.o (memset)
C:/ST/STM32CubeIDE_1.15.1/STM32CubeIDE/plugins/com.st.stm32cube.ide.mcu.externaltools.gnu-tools-for-stm32.12.3.rel1.win32_1.0.100.202403111256/tools/bin/../lib/gcc/arm-none-eabi/12.3.1/../../../../arm-none-eabi/lib/thumb/v7e-m+fp/hard\libc_nano.a(libc_a-closer.o)
                              C:/ST/STM32CubeIDE_1.15.1/STM32CubeIDE/plugins/com.st.stm32cube.ide.mcu.externaltools.gnu-tools-for-stm32.12.3.rel1.win32_1.0.100.202403111256/tools/bin/../lib/gcc/arm-none-eabi/12.3.1/../../../../arm-none-eabi/lib/thumb/v7e-m+fp/hard\libc_nano.a(libc_a-stdio.o) (_close_r)
C:/ST/STM32CubeIDE_1.15.1/STM32CubeIDE/plugins/com.st.stm32cube.ide.mcu.externaltools.gnu-tools-for-stm32.12.3.rel1.win32_1.0.100.202403111256/tools/bin/../lib/gcc/arm-none-eabi/12.3.1/../../../../arm-none-eabi/lib/thumb/v7e-m+fp/hard\libc_nano.a(libc_a-reent.o)
                              C:/ST/STM32CubeIDE_1.15.1/STM32CubeIDE/plugins/com.st.stm32cube.ide.mcu.externaltools.gnu-tools-for-stm32.12.3.rel1.win32_1.0.100.202403111256/tools/bin/../lib/gcc/arm-none-eabi/12.3.1/../../../../arm-none-eabi/lib/thumb/v7e-m+fp/hard\libc_nano.a(libc_a-closer.o) (errno)
C:/ST/STM32CubeIDE_1.15.1/STM32CubeIDE/plugins/com.st.stm32cube.ide.mcu.externaltools.gnu-tools-for-stm32.12.3.rel1.win32_1.0.100.202403111256/tools/bin/../lib/gcc/arm-none-eabi/12.3.1/../../../../arm-none-eabi/lib/thumb/v7e-m+fp/hard\libc_nano.a(libc_a-impure.o)
                              C:/ST/STM32CubeIDE_1.15.1/STM32CubeIDE/plugins/com.st.stm32cube.ide.mcu.externaltools.gnu-tools-for-stm32.12.3.rel1.win32_1.0.100.202403111256/tools/bin/../lib/gcc/arm-none-eabi/12.3.1/../../../../arm-none-eabi/lib/thumb/v7e-m+fp/hard\libc_nano.a(libc_a-snprintf.o) (_impure_ptr)
[...]
Memory Configuration

Name             Origin             Length             Attributes
RAM              0x20000000         0x00018000         xrw
FLASH            0x08000000         0x00080000         xr
*default*        0x00000000         0xffffffff

Linker script and memory map

LOAD C:/ST/STM32CubeIDE_1.15.1/STM32CubeIDE/plugins/com.st.stm32cube.ide.mcu.externaltools.gnu-tools-for-stm32.12.3.rel1.win32_1.0.100.202403111256/tools/bin/../lib/gcc/arm-none-eabi/12.3.1/thumb/v7e-m+fp/hard/crti.o
LOAD C:/ST/STM32CubeIDE_1.15.1/STM32CubeIDE/plugins/com.st.stm32cube.ide.mcu.externaltools.gnu-tools-for-stm32.12.3.rel1.win32_1.0.100.202403111256/tools/bin/../lib/gcc/arm-none-eabi/12.3.1/thumb/v7e-m+fp/hard/crtbegin.o
LOAD C:/ST/STM32CubeIDE_1.15.1/STM32CubeIDE/plugins/com.st.stm32cube.ide.mcu.externaltools.gnu-tools-for-stm32.12.3.rel1.win32_1.0.100.202403111256/tools/bin/../lib/gcc/arm-none-eabi/12.3.1/../../../../arm-none-eabi/lib/thumb/v7e-m+fp/hard/crt0.o
LOAD Core\Inc\UltraLiteDriver\VL53L1X_api.o
LOAD Core\Inc\UltraLiteDriver\VL53L1X_calibration.o
LOAD Core\Inc\UltraLiteDriver\platform.o
LOAD Core\Src\main.o
LOAD Core\Src\platform_specific.o
LOAD Core\Src\stm32f4xx_it.o
LOAD Core\Src\syscalls.o
LOAD Core\Src\sysmem.o
LOAD Core\Src\system_stm32f4xx.o
LOAD Core\Startup\startup_stm32f401retx.o
LOAD Core\Utilities\STM32F4xx-Nucleo\stm32f4xx_nucleo.o
LOAD Drivers\STM32F4xx_HAL_Driver\Src\stm32f4xx_hal.o
LOAD Drivers\STM32F4xx_HAL_Driver\Src\stm32f4xx_hal_cortex.o
LOAD Drivers\STM32F4xx_HAL_Driver\Src\stm32f4xx_hal_dma.o
LOAD Drivers\STM32F4xx_HAL_Driver\Src\stm32f4xx_hal_dma_ex.o
LOAD Drivers\STM32F4xx_HAL_Driver\Src\stm32f4xx_hal_exti.o
LOAD Drivers\STM32F4xx_HAL_Driver\Src\stm32f4xx_hal_flash.o
LOAD Drivers\STM32F4xx_HAL_Driver\Src\stm32f4xx_hal_flash_ex.o
LOAD Drivers\STM32F4xx_HAL_Driver\Src\stm32f4xx_hal_flash_ramfunc.o
LOAD Drivers\STM32F4xx_HAL_Driver\Src\stm32f4xx_hal_gpio.o
LOAD Drivers\STM32F4xx_HAL_Driver\Src\stm32f4xx_hal_i2c.o
LOAD Drivers\STM32F4xx_HAL_Driver\Src\stm32f4xx_hal_i2c_ex.o
LOAD Drivers\STM32F4xx_HAL_Driver\Src\stm32f4xx_hal_pwr.o
LOAD Drivers\STM32F4xx_HAL_Driver\Src\stm32f4xx_hal_pwr_ex.o
LOAD Drivers\STM32F4xx_HAL_Driver\Src\stm32f4xx_hal_rcc.o
LOAD Drivers\STM32F4xx_HAL_Driver\Src\stm32f4xx_hal_rcc_ex.o
LOAD Drivers\STM32F4xx_HAL_Driver\Src\stm32f4xx_hal_tim.o
LOAD Drivers\STM32F4xx_HAL_Driver\Src\stm32f4xx_hal_tim_ex.o
LOAD Drivers\STM32F4xx_HAL_Driver\Src\stm32f4xx_hal_uart.o
START GROUP
LOAD C:/ST/STM32CubeIDE_1.15.1/STM32CubeIDE/plugins/com.st.stm32cube.ide.mcu.externaltools.gnu-tools-for-stm32.12.3.rel1.win32_1.0.100.202403111256/tools/bin/../lib/gcc/arm-none-eabi/12.3.1/../../../../arm-none-eabi/lib/thumb/v7e-m+fp/hard\libc_nano.a
LOAD C:/ST/STM32CubeIDE_1.15.1/STM32CubeIDE/plugins/com.st.stm32cube.ide.mcu.externaltools.gnu-tools-for-stm32.12.3.rel1.win32_1.0.100.202403111256/tools/bin/../lib/gcc/arm-none-eabi/12.3.1/../../../../arm-none-eabi/lib/thumb/v7e-m+fp/hard\libm.a
END GROUP
START GROUP
LOAD C:/ST/STM32CubeIDE_1.15.1/STM32CubeIDE/plugins/com.st.stm32cube.ide.mcu.externaltools.gnu-tools-for-stm32.12.3.rel1.win32_1.0.100.202403111256/tools/bin/../lib/gcc/arm-none-eabi/12.3.1/thumb/v7e-m+fp/hard\libgcc.a
LOAD C:/ST/STM32CubeIDE_1.15.1/STM32CubeIDE/plugins/com.st.stm32cube.ide.mcu.externaltools.gnu-tools-for-stm32.12.3.rel1.win32_1.0.100.202403111256/tools/bin/../lib/gcc/arm-none-eabi/12.3.1/../../../../arm-none-eabi/lib/thumb/v7e-m+fp/hard\libc_nano.a
END GROUP
START GROUP
LOAD C:/ST/STM32CubeIDE_1.15.1/STM32CubeIDE/plugins/com.st.stm32cube.ide.mcu.externaltools.gnu-tools-for-stm32.12.3.rel1.win32_1.0.100.202403111256/tools/bin/../lib/gcc/arm-none-eabi/12.3.1/thumb/v7e-m+fp/hard\libgcc.a
LOAD C:/ST/STM32CubeIDE_1.15.1/STM32CubeIDE/plugins/com.st.stm32cube.ide.mcu.externaltools.gnu-tools-for-stm32.12.3.rel1.win32_1.0.100.202403111256/tools/bin/../lib/gcc/arm-none-eabi/12.3.1/../../../../arm-none-eabi/lib/thumb/v7e-m+fp/hard\libc_nano.a
LOAD C:/ST/STM32CubeIDE_1.15.1/STM32CubeIDE/plugins/com.st.stm32cube.ide.mcu.externaltools.gnu-tools-for-stm32.12.3.rel1.win32_1.0.100.202403111256/tools/bin/../lib/gcc/arm-none-eabi/12.3.1/../../../../arm-none-eabi/lib/thumb/v7e-m+fp/hard\libnosys.a
END GROUP
START GROUP
LOAD C:/ST/STM32CubeIDE_1.15.1/STM32CubeIDE/plugins/com.st.stm32cube.ide.mcu.externaltools.gnu-tools-for-stm32.12.3.rel1.win32_1.0.100.202403111256/tools/bin/../lib/gcc/arm-none-eabi/12.3.1/thumb/v7e-m+fp/hard\libgcc.a
LOAD C:/ST/STM32CubeIDE_1.15.1/STM32CubeIDE/plugins/com.st.stm32cube.ide.mcu.externaltools.gnu-tools-for-stm32.12.3.rel1.win32_1.0.100.202403111256/tools/bin/../lib/gcc/arm-none-eabi/12.3.1/../../../../arm-none-eabi/lib/thumb/v7e-m+fp/hard\libc_nano.a
LOAD C:/ST/STM32CubeIDE_1.15.1/STM32CubeIDE/plugins/com.st.stm32cube.ide.mcu.externaltools.gnu-tools-for-stm32.12.3.rel1.win32_1.0.100.202403111256/tools/bin/../lib/gcc/arm-none-eabi/12.3.1/../../../../arm-none-eabi/lib/thumb/v7e-m+fp/hard\libnosys.a
END GROUP
LOAD C:/ST/STM32CubeIDE_1.15.1/STM32CubeIDE/plugins/com.st.stm32cube.ide.mcu.externaltools.gnu-tools-for-stm32.12.3.rel1.win32_1.0.100.202403111256/tools/bin/../lib/gcc/arm-none-eabi/12.3.1/thumb/v7e-m+fp/hard/crtend.o
LOAD C:/ST/STM32CubeIDE_1.15.1/STM32CubeIDE/plugins/com.st.stm32cube.ide.mcu.externaltools.gnu-tools-for-stm32.12.3.rel1.win32_1.0.100.202403111256/tools/bin/../lib/gcc/arm-none-eabi/12.3.1/thumb/v7e-m+fp/hard/crtn.o
                0x20018000                        _estack = (ORIGIN (RAM) + LENGTH (RAM))
                0x00000200                        _Min_Heap_Size = 0x200
                0x00000400                        _Min_Stack_Size = 0x400

.isr_vector     0x08000000      0x194
                0x08000000                        . = ALIGN (0x4)
 *(.isr_vector)
 .isr_vector    0x08000000      0x194 Core\Startup\startup_stm32f401retx.o
                0x08000000                g_pfnVectors
                0x08000194                        . = ALIGN (0x4)

.text           0x080001a0     0x8918
                0x080001a0                        . = ALIGN (0x4)
 *(.text)
 .text          0x080001a0       0x40 C:/ST/STM32CubeIDE_1.15.1/STM32CubeIDE/plugins/com.st.stm32cube.ide.mcu.externaltools.gnu-tools-for-stm32.12.3.rel1.win32_1.0.100.202403111256/tools/bin/../lib/gcc/arm-none-eabi/12.3.1/thumb/v7e-m+fp/hard/crtbegin.o
 .text          0x080001e0       0x10 C:/ST/STM32CubeIDE_1.15.1/STM32CubeIDE/plugins/com.st.stm32cube.ide.mcu.externaltools.gnu-tools-for-stm32.12.3.rel1.win32_1.0.100.202403111256/tools/bin/../lib/gcc/arm-none-eabi/12.3.1/../../../../arm-none-eabi/lib/thumb/v7e-m+fp/hard\libc_nano.a(libc_a-strlen.o)
                0x080001e0                strlen
 .text          0x080001f0       0xa0 C:/ST/STM32CubeIDE_1.15.1/STM32CubeIDE/plugins/com.st.stm32cube.ide.mcu.externaltools.gnu-tools-for-stm32.12.3.rel1.win32_1.0.100.202403111256/tools/bin/../lib/gcc/arm-none-eabi/12.3.1/../../../../arm-none-eabi/lib/thumb/v7e-m+fp/hard\libc_nano.a(libc_a-memchr.o)
                0x080001f0                memchr
 .text          0x08000290      0x378 C:/ST/STM32CubeIDE_1.15.1/STM32CubeIDE/plugins/com.st.stm32cube.ide.mcu.externaltools.gnu-tools-for-stm32.12.3.rel1.win32_1.0.100.202403111256/tools/bin/../lib/gcc/arm-none-eabi/12.3.1/thumb/v7e-m+fp/hard\libgcc.a(_arm_addsubdf3.o)
                0x08000290                __aeabi_drsub
                0x08000298                __aeabi_dsub
                0x08000298                __subdf3
                0x0800029c                __aeabi_dadd
                0x0800029c                __adddf3
                0x08000514                __floatunsidf
                0x08000514                __aeabi_ui2d
                0x08000534                __floatsidf
                0x08000534                __aeabi_i2d
                0x08000558                __aeabi_f2d
                0x08000558                __extendsfdf2
                0x0800059c                __floatundidf
                0x0800059c                __aeabi_ul2d
                0x080005ac                __floatdidf
                0x080005ac                __aeabi_l2d
 .text          0x08000608      0x424 C:/ST/STM32CubeIDE_1.15.1/STM32CubeIDE/plugins/com.st.stm32cube.ide.mcu.externaltools.gnu-tools-for-stm32.12.3.rel1.win32_1.0.100.202403111256/tools/bin/../lib/gcc/arm-none-eabi/12.3.1/thumb/v7e-m+fp/hard\libgcc.a(_arm_muldivdf3.o)
                0x08000608                __aeabi_dmul
                0x08000608                __muldf3
                0x0800085c                __divdf3
                0x0800085c                __aeabi_ddiv
 .text          0x08000a2c      0x110 C:/ST/STM32CubeIDE_1.15.1/STM32CubeIDE/plugins/com.st.stm32cube.ide.mcu.externaltools.gnu-tools-for-stm32.12.3.rel1.win32_1.0.100.202403111256/tools/bin/../lib/gcc/arm-none-eabi/12.3.1/thumb/v7e-m+fp/hard\libgcc.a(_arm_cmpdf2.o)
                0x08000a2c                __gtdf2
                0x08000a2c                __gedf2
                0x08000a34                __ltdf2
                0x08000a34                __ledf2
                0x08000a3c                __nedf2
                0x08000a3c                __eqdf2
                0x08000a3c                __cmpdf2
                0x08000ab8                __aeabi_cdrcmple
                0x08000ac8                __aeabi_cdcmpeq
                0x08000ac8                __aeabi_cdcmple
                0x08000ad8                __aeabi_dcmpeq
                0x08000aec                __aeabi_dcmplt
                0x08000b00                __aeabi_dcmple
                0x08000b14                __aeabi_dcmpge
                0x08000b28                __aeabi_dcmpgt
 .text          0x08000b3c       0x2c C:/ST/STM32CubeIDE_1.15.1/STM32CubeIDE/plugins/com.st.stm32cube.ide.mcu.externaltools.gnu-tools-for-stm32.12.3.rel1.win32_1.0.100.202403111256/tools/bin/../lib/gcc/arm-none-eabi/12.3.1/thumb/v7e-m+fp/hard\libgcc.a(_arm_unorddf2.o)
                0x08000b3c                __unorddf2
                0x08000b3c                __aeabi_dcmpun
 .text          0x08000b68       0x50 C:/ST/STM32CubeIDE_1.15.1/STM32CubeIDE/plugins/com.st.stm32cube.ide.mcu.externaltools.gnu-tools-for-stm32.12.3.rel1.win32_1.0.100.202403111256/tools/bin/../lib/gcc/arm-none-eabi/12.3.1/thumb/v7e-m+fp/hard\libgcc.a(_arm_fixdfsi.o)
                0x08000b68                __aeabi_d2iz
                0x08000b68                __fixdfsi
 .text          0x08000bb8       0x40 C:/ST/STM32CubeIDE_1.15.1/STM32CubeIDE/plugins/com.st.stm32cube.ide.mcu.externaltools.gnu-tools-for-stm32.12.3.rel1.win32_1.0.100.202403111256/tools/bin/../lib/gcc/arm-none-eabi/12.3.1/thumb/v7e-m+fp/hard\libgcc.a(_arm_fixunsdfsi.o)
                0x08000bb8                __aeabi_d2uiz
                0x08000bb8                __fixunsdfsi
 .text          0x08000bf8       0xa0 C:/ST/STM32CubeIDE_1.15.1/STM32CubeIDE/plugins/com.st.stm32cube.ide.mcu.externaltools.gnu-tools-for-stm32.12.3.rel1.win32_1.0.100.202403111256/tools/bin/../lib/gcc/arm-none-eabi/12.3.1/thumb/v7e-m+fp/hard\libgcc.a(_arm_truncdfsf2.o)
                0x08000bf8                __truncdfsf2
                0x08000bf8                __aeabi_d2f
 .text          0x08000c98       0x30 C:/ST/STM32CubeIDE_1.15.1/STM32CubeIDE/plugins/com.st.stm32cube.ide.mcu.externaltools.gnu-tools-for-stm32.12.3.rel1.win32_1.0.100.202403111256/tools/bin/../lib/gcc/arm-none-eabi/12.3.1/thumb/v7e-m+fp/hard\libgcc.a(_aeabi_uldivmod.o)
                0x08000c98                __aeabi_uldivmod
 .text          0x08000cc8      0x2bc C:/ST/STM32CubeIDE_1.15.1/STM32CubeIDE/plugins/com.st.stm32cube.ide.mcu.externaltools.gnu-tools-for-stm32.12.3.rel1.win32_1.0.100.202403111256/tools/bin/../lib/gcc/arm-none-eabi/12.3.1/thumb/v7e-m+fp/hard\libgcc.a(_udivmoddi4.o)
                0x08000cc8                __udivmoddi4
 .text          0x08000f84        0x4 C:/ST/STM32CubeIDE_1.15.1/STM32CubeIDE/plugins/com.st.stm32cube.ide.mcu.externaltools.gnu-tools-for-stm32.12.3.rel1.win32_1.0.100.202403111256/tools/bin/../lib/gcc/arm-none-eabi/12.3.1/thumb/v7e-m+fp/hard\libgcc.a(_dvmd_tls.o)
                0x08000f84                __aeabi_idiv0
                0x08000f84                __aeabi_ldiv0
 *(.text*)
 .text.VL53L1X_SetI2CAddress
                0x08000f88       0x34 Core\Inc\UltraLiteDriver\VL53L1X_api.o
                0x08000f88                VL53L1X_SetI2CAddress
 .text.VL53L1X_SensorInit
                0x08000fbc       0xb0 Core\Inc\UltraLiteDriver\VL53L1X_api.o
                0x08000fbc                VL53L1X_SensorInit
 .text.VL53L1X_ClearInterrupt
                0x0800106c       0x2a Core\Inc\UltraLiteDriver\VL53L1X_api.o
                0x0800106c                VL53L1X_ClearInterrupt
 .text.VL53L1X_GetInterruptPolarity
                0x08001096       0x4e Core\Inc\UltraLiteDriver\VL53L1X_api.o
                0x08001096                VL53L1X_GetInterruptPolarity
 .text.VL53L1X_StartRanging
                0x080010e4       0x2a Core\Inc\UltraLiteDriver\VL53L1X_api.o
                0x080010e4                VL53L1X_StartRanging
 .text.VL53L1X_StopRanging
                0x0800110e       0x2a Core\Inc\UltraLiteDriver\VL53L1X_api.o
                0x0800110e                VL53L1X_StopRanging
 .text.VL53L1X_CheckForDataReady
                0x08001138       0x62 Core\Inc\UltraLiteDriver\VL53L1X_api.o
                0x08001138                VL53L1X_CheckForDataReady
 .text.VL53L1X_SetTimingBudgetInMs
                0x0800119a      0x226 Core\Inc\UltraLiteDriver\VL53L1X_api.o
                0x0800119a                VL53L1X_SetTimingBudgetInMs
 .text.VL53L1X_GetTimingBudgetInMs
                0x080013c0      0x104 Core\Inc\UltraLiteDriver\VL53L1X_api.o
                0x080013c0                VL53L1X_GetTimingBudgetInMs
 .text.VL53L1X_SetDistanceMode
                0x080014c4      0x134 Core\Inc\UltraLiteDriver\VL53L1X_api.o
                0x080014c4                VL53L1X_SetDistanceMode
 .text.VL53L1X_GetDistanceMode
                0x080015f8       0x46 Core\Inc\UltraLiteDriver\VL53L1X_api.o
                0x080015f8                VL53L1X_GetDistanceMode
 *fill*         0x0800163e        0x2 
 .text.VL53L1X_SetInterMeasurementInMs
                0x08001640       0x78 Core\Inc\UltraLiteDriver\VL53L1X_api.o
                0x08001640                VL53L1X_SetInterMeasurementInMs
 .text.VL53L1X_BootState
                0x080016b8       0x38 Core\Inc\UltraLiteDriver\VL53L1X_api.o
                0x080016b8                VL53L1X_BootState
 .text.VL53L1X_GetDistance
                0x080016f0       0x34 Core\Inc\UltraLiteDriver\VL53L1X_api.o
                0x080016f0                VL53L1X_GetDistance
 .text.VL53L1X_GetRangeStatus
                0x08001724       0x54 Core\Inc\UltraLiteDriver\VL53L1X_api.o
                0x08001724                VL53L1X_GetRangeStatus
 .text.VL53L1X_SetOffset
                0x08001778       0x4c Core\Inc\UltraLiteDriver\VL53L1X_api.o
                0x08001778                VL53L1X_SetOffset
 .text.VL53L1X_GetOffset
                0x080017c4       0x46 Core\Inc\UltraLiteDriver\VL53L1X_api.o
                0x080017c4                VL53L1X_GetOffset
 .text.VL53L1X_SetROI
                0x0800180a       0x90 Core\Inc\UltraLiteDriver\VL53L1X_api.o
                0x0800180a                VL53L1X_SetROI
 *fill*         0x0800189a        0x2 
 .text.ReadRegister16
                0x0800189c       0x78 Core\Inc\UltraLiteDriver\platform.o
                0x0800189c                ReadRegister16
 .text.ReadRegister8
                0x08001914       0x6c Core\Inc\UltraLiteDriver\platform.o
                0x08001914                ReadRegister8
 .text.WriteRegister8
                0x08001980       0x54 Core\Inc\UltraLiteDriver\platform.o
                0x08001980                WriteRegister8
 .text.VL53L1_WrByte
                0x080019d4       0x58 Core\Inc\UltraLiteDriver\platform.o
                0x080019d4                VL53L1_WrByte
 .text.VL53L1_WrWord
                0x08001a2c       0x64 Core\Inc\UltraLiteDriver\platform.o
                0x08001a2c                VL53L1_WrWord
 .text.VL53L1_WrDWord
                0x08001a90       0x70 Core\Inc\UltraLiteDriver\platform.o
                0x08001a90                VL53L1_WrDWord
 .text.VL53L1_RdByte
                0x08001b00       0x2e Core\Inc\UltraLiteDriver\platform.o
                0x08001b00                VL53L1_RdByte
 .text.VL53L1_RdWord
                0x08001b2e       0x2e Core\Inc\UltraLiteDriver\platform.o
                0x08001b2e                VL53L1_RdWord
 .text.main     0x08001b5c      0x2c8 Core\Src\main.o
                0x08001b5c                main
 .text.ResetAndInitializeAllSensors
                0x08001e24      0x1cc Core\Src\main.o
                0x08001e24                ResetAndInitializeAllSensors
 .text.PlotPolarData
                0x08001ff0      0x244 Core\Src\main.o
                0x08001ff0                PlotPolarData
 .text.TurnOnSensor
                0x08002234      0x164 Core\Src\main.o
                0x08002234                TurnOnSensor
 .text.ResetAllSensors
                0x08002398       0xd8 Core\Src\main.o
                0x08002398                ResetAllSensors
 .text.MX_GPIO_Init
                0x08002470      0x348 Core\Src\main.o
                0x08002470                MX_GPIO_Init
 .text.SystemClock_Config
                0x080027b8       0xd0 Core\Src\main.o
                0x080027b8                SystemClock_Config
 .text.I2C_Init
                0x08002888       0xc0 Core\Src\platform_specific.o
                0x08002888                I2C_Init
 .text._I2cFailRecover
                0x08002948      0x148 Core\Src\platform_specific.o
                0x08002948                _I2cFailRecover
 .text.UART_Init
                0x08002a90       0xa4 Core\Src\platform_specific.o
                0x08002a90                UART_Init
 .text.UART_Reboot
                0x08002b34       0x38 Core\Src\platform_specific.o
                0x08002b34                UART_Reboot
 .text.UART_Print
                0x08002b6c       0x28 Core\Src\platform_specific.o
                0x08002b6c                UART_Print
 .text.USART2_IRQHandler
                0x08002b94       0x14 Core\Src\platform_specific.o
                0x08002b94                USART2_IRQHandler
 .text.HAL_UART_MspInit
                0x08002ba8       0x9c Core\Src\platform_specific.o
                0x08002ba8                HAL_UART_MspInit
 .text.HAL_UART_RxCpltCallback
                0x08002c44       0xe4 Core\Src\platform_specific.o
                0x08002c44                HAL_UART_RxCpltCallback
 .text.NMI_Handler
                0x08002d28        0x8 Core\Src\stm32f4xx_it.o
                0x08002d28                NMI_Handler
 .text.HardFault_Handler
                0x08002d30        0x8 Core\Src\stm32f4xx_it.o
                0x08002d30                HardFault_Handler
 .text.MemManage_Handler
                0x08002d38        0x8 Core\Src\stm32f4xx_it.o
                0x08002d38                MemManage_Handler
 .text.BusFault_Handler
                0x08002d40        0x8 Core\Src\stm32f4xx_it.o
                0x08002d40                BusFault_Handler
 .text.UsageFault_Handler
                0x08002d48        0x8 Core\Src\stm32f4xx_it.o
                0x08002d48                UsageFault_Handler
 .text.SVC_Handler
                0x08002d50        0xe Core\Src\stm32f4xx_it.o
                0x08002d50                SVC_Handler
 .text.DebugMon_Handler
                0x08002d5e        0xe Core\Src\stm32f4xx_it.o
                0x08002d5e                DebugMon_Handler
 .text.PendSV_Handler
                0x08002d6c        0xe Core\Src\stm32f4xx_it.o
                0x08002d6c                PendSV_Handler
 .text.SysTick_Handler
                0x08002d7a        0xc Core\Src\stm32f4xx_it.o
                0x08002d7a                SysTick_Handler
 *fill*         0x08002d86        0x2 
 .text._sbrk    0x08002d88       0x6c Core\Src\sysmem.o
                0x08002d88                _sbrk
 .text.SystemInit
                0x08002df4       0x24 Core\Src\system_stm32f4xx.o
                0x08002df4                SystemInit
 .text.Reset_Handler
                0x08002e18       0x50 Core\Startup\startup_stm32f401retx.o
                0x08002e18                Reset_Handler
 .text.Default_Handler
                0x08002e68        0x2 Core\Startup\startup_stm32f401retx.o
                0x08002e68                RTC_Alarm_IRQHandler
                0x08002e68                EXTI2_IRQHandler
                0x08002e68                SPI4_IRQHandler
                0x08002e68                TIM1_CC_IRQHandler
                0x08002e68                DMA2_Stream5_IRQHandler
                0x08002e68                DMA1_Stream5_IRQHandler
                0x08002e68                PVD_IRQHandler
                0x08002e68                SDIO_IRQHandler
                0x08002e68                TAMP_STAMP_IRQHandler
                0x08002e68                EXTI3_IRQHandler
                0x08002e68                TIM1_UP_TIM10_IRQHandler
                0x08002e68                I2C3_ER_IRQHandler
                0x08002e68                EXTI0_IRQHandler
                0x08002e68                I2C2_EV_IRQHandler
                0x08002e68                DMA1_Stream2_IRQHandler
                0x08002e68                FPU_IRQHandler
                0x08002e68                DMA2_Stream2_IRQHandler
                0x08002e68                SPI1_IRQHandler
                0x08002e68                TIM1_BRK_TIM9_IRQHandler
                0x08002e68                DMA2_Stream3_IRQHandler
                0x08002e68                USART6_IRQHandler
                0x08002e68                DMA2_Stream0_IRQHandler
                0x08002e68                TIM4_IRQHandler
                0x08002e68                I2C1_EV_IRQHandler
                0x08002e68                DMA1_Stream6_IRQHandler
                0x08002e68                DMA1_Stream1_IRQHandler
                0x08002e68                TIM3_IRQHandler
                0x08002e68                RCC_IRQHandler
                0x08002e68                Default_Handler
                0x08002e68                EXTI15_10_IRQHandler
                0x08002e68                ADC_IRQHandler
                0x08002e68                DMA1_Stream7_IRQHandler
                0x08002e68                TIM5_IRQHandler
                0x08002e68                DMA2_Stream7_IRQHandler
                0x08002e68                I2C3_EV_IRQHandler
                0x08002e68                EXTI9_5_IRQHandler
                0x08002e68                RTC_WKUP_IRQHandler
                0x08002e68                SPI2_IRQHandler
                0x08002e68                DMA1_Stream0_IRQHandler
                0x08002e68                EXTI4_IRQHandler
                0x08002e68                WWDG_IRQHandler
                0x08002e68                TIM2_IRQHandler
                0x08002e68                OTG_FS_WKUP_IRQHandler
                0x08002e68                TIM1_TRG_COM_TIM11_IRQHandler
                0x08002e68                EXTI1_IRQHandler
                0x08002e68                I2C2_ER_IRQHandler
                0x08002e68                DMA2_Stream1_IRQHandler
                0x08002e68                FLASH_IRQHandler
                0x08002e68                DMA2_Stream4_IRQHandler
                0x08002e68                USART1_IRQHandler
                0x08002e68                OTG_FS_IRQHandler
                0x08002e68                SPI3_IRQHandler
                0x08002e68                DMA1_Stream4_IRQHandler
                0x08002e68                I2C1_ER_IRQHandler
                0x08002e68                DMA2_Stream6_IRQHandler
                0x08002e68                DMA1_Stream3_IRQHandler
 *fill*         0x08002e6a        0x2 
 .text.HAL_Init
                0x08002e6c       0x44 Drivers\STM32F4xx_HAL_Driver\Src\stm32f4xx_hal.o
                0x08002e6c                HAL_Init
 .text.HAL_MspInit
                0x08002eb0        0xe Drivers\STM32F4xx_HAL_Driver\Src\stm32f4xx_hal.o
                0x08002eb0                HAL_MspInit
 *fill*         0x08002ebe        0x2 
 .text.HAL_InitTick
                0x08002ec0       0x60 Drivers\STM32F4xx_HAL_Driver\Src\stm32f4xx_hal.o
                0x08002ec0                HAL_InitTick
 .text.HAL_IncTick
                0x08002f20       0x28 Drivers\STM32F4xx_HAL_Driver\Src\stm32f4xx_hal.o
                0x08002f20                HAL_IncTick
 .text.HAL_GetTick
                0x08002f48       0x18 Drivers\STM32F4xx_HAL_Driver\Src\stm32f4xx_hal.o
                0x08002f48                HAL_GetTick
 .text.HAL_Delay
                0x08002f60       0x48 Drivers\STM32F4xx_HAL_Driver\Src\stm32f4xx_hal.o
                0x08002f60                HAL_Delay
 .text.__NVIC_SetPriorityGrouping
                0x08002fa8       0x48 Drivers\STM32F4xx_HAL_Driver\Src\stm32f4xx_hal_cortex.o
 .text.__NVIC_GetPriorityGrouping
                0x08002ff0       0x1c Drivers\STM32F4xx_HAL_Driver\Src\stm32f4xx_hal_cortex.o
 .text.__NVIC_EnableIRQ
                0x0800300c       0x3c Drivers\STM32F4xx_HAL_Driver\Src\stm32f4xx_hal_cortex.o
 .text.__NVIC_SetPriority
                0x08003048       0x54 Drivers\STM32F4xx_HAL_Driver\Src\stm32f4xx_hal_cortex.o
 .text.NVIC_EncodePriority
                0x0800309c       0x66 Drivers\STM32F4xx_HAL_Driver\Src\stm32f4xx_hal_cortex.o
 *fill*         0x08003102        0x2 
 .text.SysTick_Config
                0x08003104       0x44 Drivers\STM32F4xx_HAL_Driver\Src\stm32f4xx_hal_cortex.o
 .text.HAL_NVIC_SetPriorityGrouping
                0x08003148       0x16 Drivers\STM32F4xx_HAL_Driver\Src\stm32f4xx_hal_cortex.o
                0x08003148                HAL_NVIC_SetPriorityGrouping
 .text.HAL_NVIC_SetPriority
                0x0800315e       0x38 Drivers\STM32F4xx_HAL_Driver\Src\stm32f4xx_hal_cortex.o
                0x0800315e                HAL_NVIC_SetPriority
 .text.HAL_NVIC_EnableIRQ
                0x08003196       0x1c Drivers\STM32F4xx_HAL_Driver\Src\stm32f4xx_hal_cortex.o
                0x08003196                HAL_NVIC_EnableIRQ
 .text.HAL_SYSTICK_Config
                0x080031b2       0x18 Drivers\STM32F4xx_HAL_Driver\Src\stm32f4xx_hal_cortex.o
                0x080031b2                HAL_SYSTICK_Config
 *fill*         0x080031ca        0x2 
 .text.HAL_SYSTICK_CLKSourceConfig
                0x080031cc       0x38 Drivers\STM32F4xx_HAL_Driver\Src\stm32f4xx_hal_cortex.o
                0x080031cc                HAL_SYSTICK_CLKSourceConfig
 .text.HAL_DMA_Init
                0x08003204      0x15c Drivers\STM32F4xx_HAL_Driver\Src\stm32f4xx_hal_dma.o
                0x08003204                HAL_DMA_Init
 .text.HAL_DMA_Abort
                0x08003360       0xe0 Drivers\STM32F4xx_HAL_Driver\Src\stm32f4xx_hal_dma.o
                0x08003360                HAL_DMA_Abort
 .text.HAL_DMA_Abort_IT
                0x08003440       0x44 Drivers\STM32F4xx_HAL_Driver\Src\stm32f4xx_hal_dma.o
                0x08003440                HAL_DMA_Abort_IT
 .text.DMA_CalcBaseAndBitshift
                0x08003484       0x6c Drivers\STM32F4xx_HAL_Driver\Src\stm32f4xx_hal_dma.o
 .text.DMA_CheckFifoParam
                0x080034f0       0xf8 Drivers\STM32F4xx_HAL_Driver\Src\stm32f4xx_hal_dma.o
 .text.HAL_GPIO_Init
                0x080035e8      0x308 Drivers\STM32F4xx_HAL_Driver\Src\stm32f4xx_hal_gpio.o
                0x080035e8                HAL_GPIO_Init
 .text.HAL_GPIO_ReadPin
                0x080038f0       0x30 Drivers\STM32F4xx_HAL_Driver\Src\stm32f4xx_hal_gpio.o
                0x080038f0                HAL_GPIO_ReadPin
 .text.HAL_GPIO_WritePin
                0x08003920       0x32 Drivers\STM32F4xx_HAL_Driver\Src\stm32f4xx_hal_gpio.o
                0x08003920                HAL_GPIO_WritePin
 *fill*         0x08003952        0x2 
 .text.HAL_I2C_Init
                0x08003954      0x288 Drivers\STM32F4xx_HAL_Driver\Src\stm32f4xx_hal_i2c.o
                0x08003954                HAL_I2C_Init
 .text.HAL_I2C_MspInit
                0x08003bdc       0x14 Drivers\STM32F4xx_HAL_Driver\Src\stm32f4xx_hal_i2c.o
                0x08003bdc                HAL_I2C_MspInit
 .text.HAL_I2C_Master_Transmit
                0x08003bf0      0x1fc Drivers\STM32F4xx_HAL_Driver\Src\stm32f4xx_hal_i2c.o
                0x08003bf0                HAL_I2C_Master_Transmit
 .text.HAL_I2C_Master_Receive
                0x08003dec      0x464 Drivers\STM32F4xx_HAL_Driver\Src\stm32f4xx_hal_i2c.o
                0x08003dec                HAL_I2C_Master_Receive
 .text.I2C_MasterRequestWrite
                0x08004250      0x104 Drivers\STM32F4xx_HAL_Driver\Src\stm32f4xx_hal_i2c.o
 .text.I2C_MasterRequestRead
                0x08004354      0x19c Drivers\STM32F4xx_HAL_Driver\Src\stm32f4xx_hal_i2c.o
 .text.I2C_WaitOnFlagUntilTimeout
                0x080044f0       0xf4 Drivers\STM32F4xx_HAL_Driver\Src\stm32f4xx_hal_i2c.o
 .text.I2C_WaitOnMasterAddressFlagUntilTimeout
                0x080045e4      0x140 Drivers\STM32F4xx_HAL_Driver\Src\stm32f4xx_hal_i2c.o
 .text.I2C_WaitOnTXEFlagUntilTimeout
                0x08004724       0x90 Drivers\STM32F4xx_HAL_Driver\Src\stm32f4xx_hal_i2c.o
 .text.I2C_WaitOnBTFFlagUntilTimeout
                0x080047b4       0x90 Drivers\STM32F4xx_HAL_Driver\Src\stm32f4xx_hal_i2c.o
 .text.I2C_WaitOnRXNEFlagUntilTimeout
                0x08004844       0xba Drivers\STM32F4xx_HAL_Driver\Src\stm32f4xx_hal_i2c.o
 .text.I2C_IsAcknowledgeFailed
                0x080048fe       0x5e Drivers\STM32F4xx_HAL_Driver\Src\stm32f4xx_hal_i2c.o
 .text.HAL_RCC_OscConfig
                0x0800495c      0x4f0 Drivers\STM32F4xx_HAL_Driver\Src\stm32f4xx_hal_rcc.o
                0x0800495c                HAL_RCC_OscConfig
 .text.HAL_RCC_ClockConfig
                0x08004e4c      0x1cc Drivers\STM32F4xx_HAL_Driver\Src\stm32f4xx_hal_rcc.o
                0x08004e4c                HAL_RCC_ClockConfig
 .text.HAL_RCC_GetSysClockFreq
                0x08005018      0x20c Drivers\STM32F4xx_HAL_Driver\Src\stm32f4xx_hal_rcc.o
                0x08005018                HAL_RCC_GetSysClockFreq
 .text.HAL_RCC_GetHCLKFreq
                0x08005224       0x18 Drivers\STM32F4xx_HAL_Driver\Src\stm32f4xx_hal_rcc.o
                0x08005224                HAL_RCC_GetHCLKFreq
 .text.HAL_RCC_GetPCLK1Freq
                0x0800523c       0x28 Drivers\STM32F4xx_HAL_Driver\Src\stm32f4xx_hal_rcc.o
                0x0800523c                HAL_RCC_GetPCLK1Freq
 .text.HAL_RCC_GetPCLK2Freq
                0x08005264       0x28 Drivers\STM32F4xx_HAL_Driver\Src\stm32f4xx_hal_rcc.o
                0x08005264                HAL_RCC_GetPCLK2Freq
 .text.HAL_UART_Init
                0x0800528c       0xa0 Drivers\STM32F4xx_HAL_Driver\Src\stm32f4xx_hal_uart.o
                0x0800528c                HAL_UART_Init
 .text.HAL_UART_Transmit
                0x0800532c      0x116 Drivers\STM32F4xx_HAL_Driver\Src\stm32f4xx_hal_uart.o
                0x0800532c                HAL_UART_Transmit
 .text.HAL_UART_Receive_IT
                0x08005442       0x4a Drivers\STM32F4xx_HAL_Driver\Src\stm32f4xx_hal_uart.o
                0x08005442                HAL_UART_Receive_IT
 .text.HAL_UART_IRQHandler
                0x0800548c      0x524 Drivers\STM32F4xx_HAL_Driver\Src\stm32f4xx_hal_uart.o
                0x0800548c                HAL_UART_IRQHandler
 .text.HAL_UART_TxCpltCallback
                0x080059b0       0x14 Drivers\STM32F4xx_HAL_Driver\Src\stm32f4xx_hal_uart.o
                0x080059b0                HAL_UART_TxCpltCallback
 .text.HAL_UART_ErrorCallback
                0x080059c4       0x14 Drivers\STM32F4xx_HAL_Driver\Src\stm32f4xx_hal_uart.o
                0x080059c4                HAL_UART_ErrorCallback
 .text.HAL_UARTEx_RxEventCallback
                0x080059d8       0x18 Drivers\STM32F4xx_HAL_Driver\Src\stm32f4xx_hal_uart.o
                0x080059d8                HAL_UARTEx_RxEventCallback
 .text.UART_WaitOnFlagUntilTimeout
                0x080059f0       0xb2 Drivers\STM32F4xx_HAL_Driver\Src\stm32f4xx_hal_uart.o
 .text.UART_Start_Receive_IT
                0x08005aa2       0x74 Drivers\STM32F4xx_HAL_Driver\Src\stm32f4xx_hal_uart.o
                0x08005aa2                UART_Start_Receive_IT
 .text.UART_EndRxTransfer
                0x08005b16       0xc6 Drivers\STM32F4xx_HAL_Driver\Src\stm32f4xx_hal_uart.o
 .text.UART_DMAAbortOnError
                0x08005bdc       0x28 Drivers\STM32F4xx_HAL_Driver\Src\stm32f4xx_hal_uart.o
 .text.UART_Transmit_IT
                0x08005c04       0xa0 Drivers\STM32F4xx_HAL_Driver\Src\stm32f4xx_hal_uart.o
 .text.UART_EndTransmit_IT
                0x08005ca4       0x30 Drivers\STM32F4xx_HAL_Driver\Src\stm32f4xx_hal_uart.o
 .text.UART_Receive_IT
                0x08005cd4      0x17c Drivers\STM32F4xx_HAL_Driver\Src\stm32f4xx_hal_uart.o
 .text.UART_SetConfig
                0x08005e50      0x4e8 Drivers\STM32F4xx_HAL_Driver\Src\stm32f4xx_hal_uart.o
 .text.snprintf
                0x08006338       0x68 C:/ST/STM32CubeIDE_1.15.1/STM32CubeIDE/plugins/com.st.stm32cube.ide.mcu.externaltools.gnu-tools-for-stm32.12.3.rel1.win32_1.0.100.202403111256/tools/bin/../lib/gcc/arm-none-eabi/12.3.1/../../../../arm-none-eabi/lib/thumb/v7e-m+fp/hard\libc_nano.a(libc_a-snprintf.o)
                0x08006338                sniprintf
                0x08006338                snprintf
 .text.__errno  0x080063a0        0xc C:/ST/STM32CubeIDE_1.15.1/STM32CubeIDE/plugins/com.st.stm32cube.ide.mcu.externaltools.gnu-tools-for-stm32.12.3.rel1.win32_1.0.100.202403111256/tools/bin/../lib/gcc/arm-none-eabi/12.3.1/../../../../arm-none-eabi/lib/thumb/v7e-m+fp/hard\libc_nano.a(libc_a-errno.o)
                0x080063a0                __errno
 .text.__libc_init_array
                0x080063ac       0x48 C:/ST/STM32CubeIDE_1.15.1/STM32CubeIDE/plugins/com.st.stm32cube.ide.mcu.externaltools.gnu-tools-for-stm32.12.3.rel1.win32_1.0.100.202403111256/tools/bin/../lib/gcc/arm-none-eabi/12.3.1/../../../../arm-none-eabi/lib/thumb/v7e-m+fp/hard\libc_nano.a(libc_a-init.o)
                0x080063ac                __libc_init_array
 .text.__retarget_lock_acquire_recursive
                0x080063f4        0x2 C:/ST/STM32CubeIDE_1.15.1/STM32CubeIDE/plugins/com.st.stm32cube.ide.mcu.externaltools.gnu-tools-for-stm32.12.3.rel1.win32_1.0.100.202403111256/tools/bin/../lib/gcc/arm-none-eabi/12.3.1/../../../../arm-none-eabi/lib/thumb/v7e-m+fp/hard\libc_nano.a(libc_a-lock.o)
                0x080063f4                __retarget_lock_acquire_recursive
 .text.__retarget_lock_release_recursive
                0x080063f6        0x2 C:/ST/STM32CubeIDE_1.15.1/STM32CubeIDE/plugins/com.st.stm32cube.ide.mcu.externaltools.gnu-tools-for-stm32.12.3.rel1.win32_1.0.100.202403111256/tools/bin/../lib/gcc/arm-none-eabi/12.3.1/../../../../arm-none-eabi/lib/thumb/v7e-m+fp/hard\libc_nano.a(libc_a-lock.o)
                0x080063f6                __retarget_lock_release_recursive
 .text.memcpy   0x080063f8       0x1c C:/ST/STM32CubeIDE_1.15.1/STM32CubeIDE/plugins/com.st.stm32cube.ide.mcu.externaltools.gnu-tools-for-stm32.12.3.rel1.win32_1.0.100.202403111256/tools/bin/../lib/gcc/arm-none-eabi/12.3.1/../../../../arm-none-eabi/lib/thumb/v7e-m+fp/hard\libc_nano.a(libc_a-memcpy-stub.o)
                0x080063f8                memcpy
 .text._free_r  0x08006414       0x94 C:/ST/STM32CubeIDE_1.15.1/STM32CubeIDE/plugins/com.st.stm32cube.ide.mcu.externaltools.gnu-tools-for-stm32.12.3.rel1.win32_1.0.100.202403111256/tools/bin/../lib/gcc/arm-none-eabi/12.3.1/../../../../arm-none-eabi/lib/thumb/v7e-m+fp/hard\libc_nano.a(libc_a-freer.o)
                0x08006414                _free_r
 .text.sbrk_aligned
                0x080064a8       0x44 C:/ST/STM32CubeIDE_1.15.1/STM32CubeIDE/plugins/com.st.stm32cube.ide.mcu.externaltools.gnu-tools-for-stm32.12.3.rel1.win32_1.0.100.202403111256/tools/bin/../lib/gcc/arm-none-eabi/12.3.1/../../../../arm-none-eabi/lib/thumb/v7e-m+fp/hard\libc_nano.a(libc_a-mallocr.o)
 .text._malloc_r
                0x080064ec      0x100 C:/ST/STM32CubeIDE_1.15.1/STM32CubeIDE/plugins/com.st.stm32cube.ide.mcu.externaltools.gnu-tools-for-stm32.12.3.rel1.win32_1.0.100.202403111256/tools/bin/../lib/gcc/arm-none-eabi/12.3.1/../../../../arm-none-eabi/lib/thumb/v7e-m+fp/hard\libc_nano.a(libc_a-mallocr.o)
                0x080064ec                _malloc_r
 .text.__malloc_lock
                0x080065ec        0xc C:/ST/STM32CubeIDE_1.15.1/STM32CubeIDE/plugins/com.st.stm32cube.ide.mcu.externaltools.gnu-tools-for-stm32.12.3.rel1.win32_1.0.100.202403111256/tools/bin/../lib/gcc/arm-none-eabi/12.3.1/../../../../arm-none-eabi/lib/thumb/v7e-m+fp/hard\libc_nano.a(libc_a-mlock.o)
                0x080065ec                __malloc_lock
 .text.__malloc_unlock
                0x080065f8        0xc C:/ST/STM32CubeIDE_1.15.1/STM32CubeIDE/plugins/com.st.stm32cube.ide.mcu.externaltools.gnu-tools-for-stm32.12.3.rel1.win32_1.0.100.202403111256/tools/bin/../lib/gcc/arm-none-eabi/12.3.1/../../../../arm-none-eabi/lib/thumb/v7e-m+fp/hard\libc_nano.a(libc_a-mlock.o)
                0x080065f8                __malloc_unlock
 .text.__ssputs_r
                0x08006604       0xb6 C:/ST/STM32CubeIDE_1.15.1/STM32CubeIDE/plugins/com.st.stm32cube.ide.mcu.externaltools.gnu-tools-for-stm32.12.3.rel1.win32_1.0.100.202403111256/tools/bin/../lib/gcc/arm-none-eabi/12.3.1/../../../../arm-none-eabi/lib/thumb/v7e-m+fp/hard\libc_nano.a(libc_a-nano-svfprintf.o)
                0x08006604                __ssputs_r
 *fill*         0x080066ba        0x2 
 .text._svfprintf_r
                0x080066bc      0x1f8 C:/ST/STM32CubeIDE_1.15.1/STM32CubeIDE/plugins/com.st.stm32cube.ide.mcu.externaltools.gnu-tools-for-stm32.12.3.rel1.win32_1.0.100.202403111256/tools/bin/../lib/gcc/arm-none-eabi/12.3.1/../../../../arm-none-eabi/lib/thumb/v7e-m+fp/hard\libc_nano.a(libc_a-nano-svfprintf.o)
                0x080066bc                _svfiprintf_r
                0x080066bc                _svfprintf_r
 .text._printf_common
                0x080068b4       0xda C:/ST/STM32CubeIDE_1.15.1/STM32CubeIDE/plugins/com.st.stm32cube.ide.mcu.externaltools.gnu-tools-for-stm32.12.3.rel1.win32_1.0.100.202403111256/tools/bin/../lib/gcc/arm-none-eabi/12.3.1/../../../../arm-none-eabi/lib/thumb/v7e-m+fp/hard\libc_nano.a(libc_a-nano-vfprintf_i.o)
                0x080068b4                _printf_common
 *fill*         0x0800698e        0x2 
 .text._printf_i
                0x08006990      0x240 C:/ST/STM32CubeIDE_1.15.1/STM32CubeIDE/plugins/com.st.stm32cube.ide.mcu.externaltools.gnu-tools-for-stm32.12.3.rel1.win32_1.0.100.202403111256/tools/bin/../lib/gcc/arm-none-eabi/12.3.1/../../../../arm-none-eabi/lib/thumb/v7e-m+fp/hard\libc_nano.a(libc_a-nano-vfprintf_i.o)
                0x08006990                _printf_i
 .text.memmove  0x08006bd0       0x34 C:/ST/STM32CubeIDE_1.15.1/STM32CubeIDE/plugins/com.st.stm32cube.ide.mcu.externaltools.gnu-tools-for-stm32.12.3.rel1.win32_1.0.100.202403111256/tools/bin/../lib/gcc/arm-none-eabi/12.3.1/../../../../arm-none-eabi/lib/thumb/v7e-m+fp/hard\libc_nano.a(libc_a-memmove.o)
                0x08006bd0                memmove
 .text._sbrk_r  0x08006c04       0x20 C:/ST/STM32CubeIDE_1.15.1/STM32CubeIDE/plugins/com.st.stm32cube.ide.mcu.externaltools.gnu-tools-for-stm32.12.3.rel1.win32_1.0.100.202403111256/tools/bin/../lib/gcc/arm-none-eabi/12.3.1/../../../../arm-none-eabi/lib/thumb/v7e-m+fp/hard\libc_nano.a(libc_a-sbrkr.o)
                0x08006c04                _sbrk_r
 .text._realloc_r
                0x08006c24       0x5c C:/ST/STM32CubeIDE_1.15.1/STM32CubeIDE/plugins/com.st.stm32cube.ide.mcu.externaltools.gnu-tools-for-stm32.12.3.rel1.win32_1.0.100.202403111256/tools/bin/../lib/gcc/arm-none-eabi/12.3.1/../../../../arm-none-eabi/lib/thumb/v7e-m+fp/hard\libc_nano.a(libc_a-reallocr.o)
                0x08006c24                _realloc_r
 .text._malloc_usable_size_r
                0x08006c80       0x10 C:/ST/STM32CubeIDE_1.15.1/STM32CubeIDE/plugins/com.st.stm32cube.ide.mcu.externaltools.gnu-tools-for-stm32.12.3.rel1.win32_1.0.100.202403111256/tools/bin/../lib/gcc/arm-none-eabi/12.3.1/../../../../arm-none-eabi/lib/thumb/v7e-m+fp/hard\libc_nano.a(libc_a-msizer.o)
                0x08006c80                _malloc_usable_size_r
 .text.pow      0x08006c90       0xe0 C:/ST/STM32CubeIDE_1.15.1/STM32CubeIDE/plugins/com.st.stm32cube.ide.mcu.externaltools.gnu-tools-for-stm32.12.3.rel1.win32_1.0.100.202403111256/tools/bin/../lib/gcc/arm-none-eabi/12.3.1/../../../../arm-none-eabi/lib/thumb/v7e-m+fp/hard\libm.a(libm_a-w_pow.o)
                0x08006c90                pow
 .text.cos      0x08006d70       0xa8 C:/ST/STM32CubeIDE_1.15.1/STM32CubeIDE/plugins/com.st.stm32cube.ide.mcu.externaltools.gnu-tools-for-stm32.12.3.rel1.win32_1.0.100.202403111256/tools/bin/../lib/gcc/arm-none-eabi/12.3.1/../../../../arm-none-eabi/lib/thumb/v7e-m+fp/hard\libm.a(libm_a-s_cos.o)
                0x08006d70                cos
 .text.finite   0x08006e18       0x16 C:/ST/STM32CubeIDE_1.15.1/STM32CubeIDE/plugins/com.st.stm32cube.ide.mcu.externaltools.gnu-tools-for-stm32.12.3.rel1.win32_1.0.100.202403111256/tools/bin/../lib/gcc/arm-none-eabi/12.3.1/../../../../arm-none-eabi/lib/thumb/v7e-m+fp/hard\libm.a(libm_a-s_finite.o)
                0x08006e18                finite
 *fill*         0x08006e2e        0x2 
 .text.__kernel_cos
                0x08006e30      0x18c C:/ST/STM32CubeIDE_1.15.1/STM32CubeIDE/plugins/com.st.stm32cube.ide.mcu.externaltools.gnu-tools-for-stm32.12.3.rel1.win32_1.0.100.202403111256/tools/bin/../lib/gcc/arm-none-eabi/12.3.1/../../../../arm-none-eabi/lib/thumb/v7e-m+fp/hard\libm.a(libm_a-k_cos.o)
                0x08006e30                __kernel_cos
 *fill*         0x08006fbc        0x4 
 .text.__kernel_sin
                0x08006fc0      0x174 C:/ST/STM32CubeIDE_1.15.1/STM32CubeIDE/plugins/com.st.stm32cube.ide.mcu.externaltools.gnu-tools-for-stm32.12.3.rel1.win32_1.0.100.202403111256/tools/bin/../lib/gcc/arm-none-eabi/12.3.1/../../../../arm-none-eabi/lib/thumb/v7e-m+fp/hard\libm.a(libm_a-k_sin.o)
                0x08006fc0                __kernel_sin
 *fill*         0x08007134        0x4 
 .text.__ieee754_pow
                0x08007138      0xa88 C:/ST/STM32CubeIDE_1.15.1/STM32CubeIDE/plugins/com.st.stm32cube.ide.mcu.externaltools.gnu-tools-for-stm32.12.3.rel1.win32_1.0.100.202403111256/tools/bin/../lib/gcc/arm-none-eabi/12.3.1/../../../../arm-none-eabi/lib/thumb/v7e-m+fp/hard\libm.a(libm_a-e_pow.o)
                0x08007138                __ieee754_pow
 .text.__ieee754_rem_pio2
                0x08007bc0      0x3f8 C:/ST/STM32CubeIDE_1.15.1/STM32CubeIDE/plugins/com.st.stm32cube.ide.mcu.externaltools.gnu-tools-for-stm32.12.3.rel1.win32_1.0.100.202403111256/tools/bin/../lib/gcc/arm-none-eabi/12.3.1/../../../../arm-none-eabi/lib/thumb/v7e-m+fp/hard\libm.a(libm_a-e_rem_pio2.o)
                0x08007bc0                __ieee754_rem_pio2
 .text.fabs     0x08007fb8       0x10 C:/ST/STM32CubeIDE_1.15.1/STM32CubeIDE/plugins/com.st.stm32cube.ide.mcu.externaltools.gnu-tools-for-stm32.12.3.rel1.win32_1.0.100.202403111256/tools/bin/../lib/gcc/arm-none-eabi/12.3.1/../../../../arm-none-eabi/lib/thumb/v7e-m+fp/hard\libm.a(libm_a-s_fabs.o)
                0x08007fb8                fabs
 .text.scalbn   0x08007fc8       0xfc C:/ST/STM32CubeIDE_1.15.1/STM32CubeIDE/plugins/com.st.stm32cube.ide.mcu.externaltools.gnu-tools-for-stm32.12.3.rel1.win32_1.0.100.202403111256/tools/bin/../lib/gcc/arm-none-eabi/12.3.1/../../../../arm-none-eabi/lib/thumb/v7e-m+fp/hard\libm.a(libm_a-s_scalbn.o)
                0x08007fc8                scalbn
 .text.with_errno
                0x080080c4       0x24 C:/ST/STM32CubeIDE_1.15.1/STM32CubeIDE/plugins/com.st.stm32cube.ide.mcu.externaltools.gnu-tools-for-stm32.12.3.rel1.win32_1.0.100.202403111256/tools/bin/../lib/gcc/arm-none-eabi/12.3.1/../../../../arm-none-eabi/lib/thumb/v7e-m+fp/hard\libm.a(libm_a-math_err.o)
 .text.xflow    0x080080e8       0x32 C:/ST/STM32CubeIDE_1.15.1/STM32CubeIDE/plugins/com.st.stm32cube.ide.mcu.externaltools.gnu-tools-for-stm32.12.3.rel1.win32_1.0.100.202403111256/tools/bin/../lib/gcc/arm-none-eabi/12.3.1/../../../../arm-none-eabi/lib/thumb/v7e-m+fp/hard\libm.a(libm_a-math_err.o)
 *fill*         0x0800811a        0x6 
 .text.__math_uflow
                0x08008120       0x10 C:/ST/STM32CubeIDE_1.15.1/STM32CubeIDE/plugins/com.st.stm32cube.ide.mcu.externaltools.gnu-tools-for-stm32.12.3.rel1.win32_1.0.100.202403111256/tools/bin/../lib/gcc/arm-none-eabi/12.3.1/../../../../arm-none-eabi/lib/thumb/v7e-m+fp/hard\libm.a(libm_a-math_err.o)
                0x08008120                __math_uflow
 .text.__math_oflow
                0x08008130       0x10 C:/ST/STM32CubeIDE_1.15.1/STM32CubeIDE/plugins/com.st.stm32cube.ide.mcu.externaltools.gnu-tools-for-stm32.12.3.rel1.win32_1.0.100.202403111256/tools/bin/../lib/gcc/arm-none-eabi/12.3.1/../../../../arm-none-eabi/lib/thumb/v7e-m+fp/hard\libm.a(libm_a-math_err.o)
                0x08008130                __math_oflow
 .text.__ieee754_sqrt
                0x08008140      0x1b4 C:/ST/STM32CubeIDE_1.15.1/STM32CubeIDE/plugins/com.st.stm32cube.ide.mcu.externaltools.gnu-tools-for-stm32.12.3.rel1.win32_1.0.100.202403111256/tools/bin/../lib/gcc/arm-none-eabi/12.3.1/../../../../arm-none-eabi/lib/thumb/v7e-m+fp/hard\libm.a(libm_a-e_sqrt.o)
                0x08008140                __ieee754_sqrt
 *fill*         0x080082f4        0x4 
 .text.__kernel_rem_pio2
                0x080082f8      0x6b0 C:/ST/STM32CubeIDE_1.15.1/STM32CubeIDE/plugins/com.st.stm32cube.ide.mcu.externaltools.gnu-tools-for-stm32.12.3.rel1.win32_1.0.100.202403111256/tools/bin/../lib/gcc/arm-none-eabi/12.3.1/../../../../arm-none-eabi/lib/thumb/v7e-m+fp/hard\libm.a(libm_a-k_rem_pio2.o)
                0x080082f8                __kernel_rem_pio2
 .text.floor    0x080089a8       0xf8 C:/ST/STM32CubeIDE_1.15.1/STM32CubeIDE/plugins/com.st.stm32cube.ide.mcu.externaltools.gnu-tools-for-stm32.12.3.rel1.win32_1.0.100.202403111256/tools/bin/../lib/gcc/arm-none-eabi/12.3.1/../../../../arm-none-eabi/lib/thumb/v7e-m+fp/hard\libm.a(libm_a-s_floor.o)
                0x080089a8                floor
 *(.glue_7)
 .glue_7        0x08008aa0        0x0 linker stubs
 *(.glue_7t)
 .glue_7t       0x08008aa0        0x0 linker stubs
 *(.eh_frame)
 .eh_frame      0x08008aa0        0x0 C:/ST/STM32CubeIDE_1.15.1/STM32CubeIDE/plugins/com.st.stm32cube.ide.mcu.externaltools.gnu-tools-for-stm32.12.3.rel1.win32_1.0.100.202403111256/tools/bin/../lib/gcc/arm-none-eabi/12.3.1/thumb/v7e-m+fp/hard/crtbegin.o
 *(.init)
 .init          0x08008aa0        0x4 C:/ST/STM32CubeIDE_1.15.1/STM32CubeIDE/plugins/com.st.stm32cube.ide.mcu.externaltools.gnu-tools-for-stm32.12.3.rel1.win32_1.0.100.202403111256/tools/bin/../lib/gcc/arm-none-eabi/12.3.1/thumb/v7e-m+fp/hard/crti.o
                0x08008aa0                _init
 .init          0x08008aa4        0x8 C:/ST/STM32CubeIDE_1.15.1/STM32CubeIDE/plugins/com.st.stm32cube.ide.mcu.externaltools.gnu-tools-for-stm32.12.3.rel1.win32_1.0.100.202403111256/tools/bin/../lib/gcc/arm-none-eabi/12.3.1/thumb/v7e-m+fp/hard/crtn.o
 *(.fini)
 .fini          0x08008aac        0x4 C:/ST/STM32CubeIDE_1.15.1/STM32CubeIDE/plugins/com.st.stm32cube.ide.mcu.externaltools.gnu-tools-for-stm32.12.3.rel1.win32_1.0.100.202403111256/tools/bin/../lib/gcc/arm-none-eabi/12.3.1/thumb/v7e-m+fp/hard/crti.o
                0x08008aac                _fini
 .fini          0x08008ab0        0x8 C:/ST/STM32CubeIDE_1.15.1/STM32CubeIDE/plugins/com.st.stm32cube.ide.mcu.externaltools.gnu-tools-for-stm32.12.3.rel1.win32_1.0.100.202403111256/tools/bin/../lib/gcc/arm-none-eabi/12.3.1/thumb/v7e-m+fp/hard/crtn.o
                0x08008ab8                        . = ALIGN (0x4)
                0x08008ab8                        _etext = .

.vfp11_veneer   0x08008ab8        0x0
 .vfp11_veneer  0x08008ab8        0x0 linker stubs

.v4_bx          0x08008ab8        0x0
 .v4_bx         0x08008ab8        0x0 linker stubs

.iplt           0x08008ab8        0x0
 .iplt          0x08008ab8        0x0 C:/ST/STM32CubeIDE_1.15.1/STM32CubeIDE/plugins/com.st.stm32cube.ide.mcu.externaltools.gnu-tools-for-stm32.12.3.rel1.win32_1.0.100.202403111256/tools/bin/../lib/gcc/arm-none-eabi/12.3.1/thumb/v7e-m+fp/hard/crtbegin.o

.rodata         0x08008ab8      0x328
                0x08008ab8                        . = ALIGN (0x4)
 *(.rodata)
 .rodata        0x08008ab8       0x56 Core\Src\main.o
 *(.rodata*)
 *fill*         0x08008b0e        0x2 
 .rodata.VL51L1X_DEFAULT_CONFIGURATION
                0x08008b10       0x5b Core\Inc\UltraLiteDriver\VL53L1X_api.o
                0x08008b10                VL51L1X_DEFAULT_CONFIGURATION
 *fill*         0x08008b6b        0x1 
 .rodata.status_rtn
                0x08008b6c       0x18 Core\Inc\UltraLiteDriver\VL53L1X_api.o
 .rodata.AHBPrescTable
                0x08008b84       0x10 Core\Src\system_stm32f4xx.o
                0x08008b84                AHBPrescTable
 .rodata.APBPrescTable
                0x08008b94        0x8 Core\Src\system_stm32f4xx.o
                0x08008b94                APBPrescTable
 .rodata.flagBitshiftOffset.0
                0x08008b9c        0x8 Drivers\STM32F4xx_HAL_Driver\Src\stm32f4xx_hal_dma.o
 .rodata._svfprintf_r.str1.1
                0x08008ba4       0x11 C:/ST/STM32CubeIDE_1.15.1/STM32CubeIDE/plugins/com.st.stm32cube.ide.mcu.externaltools.gnu-tools-for-stm32.12.3.rel1.win32_1.0.100.202403111256/tools/bin/../lib/gcc/arm-none-eabi/12.3.1/../../../../arm-none-eabi/lib/thumb/v7e-m+fp/hard\libc_nano.a(libc_a-nano-svfprintf.o)
 .rodata._printf_i.str1.1
                0x08008bb5       0x22 C:/ST/STM32CubeIDE_1.15.1/STM32CubeIDE/plugins/com.st.stm32cube.ide.mcu.externaltools.gnu-tools-for-stm32.12.3.rel1.win32_1.0.100.202403111256/tools/bin/../lib/gcc/arm-none-eabi/12.3.1/../../../../arm-none-eabi/lib/thumb/v7e-m+fp/hard\libc_nano.a(libc_a-nano-vfprintf_i.o)
 *fill*         0x08008bd7        0x1 
 .rodata.dp_l   0x08008bd8       0x10 C:/ST/STM32CubeIDE_1.15.1/STM32CubeIDE/plugins/com.st.stm32cube.ide.mcu.externaltools.gnu-tools-for-stm32.12.3.rel1.win32_1.0.100.202403111256/tools/bin/../lib/gcc/arm-none-eabi/12.3.1/../../../../arm-none-eabi/lib/thumb/v7e-m+fp/hard\libm.a(libm_a-e_pow.o)
 .rodata.dp_h   0x08008be8       0x10 C:/ST/STM32CubeIDE_1.15.1/STM32CubeIDE/plugins/com.st.stm32cube.ide.mcu.externaltools.gnu-tools-for-stm32.12.3.rel1.win32_1.0.100.202403111256/tools/bin/../lib/gcc/arm-none-eabi/12.3.1/../../../../arm-none-eabi/lib/thumb/v7e-m+fp/hard\libm.a(libm_a-e_pow.o)
 .rodata.bp     0x08008bf8       0x10 C:/ST/STM32CubeIDE_1.15.1/STM32CubeIDE/plugins/com.st.stm32cube.ide.mcu.externaltools.gnu-tools-for-stm32.12.3.rel1.win32_1.0.100.202403111256/tools/bin/../lib/gcc/arm-none-eabi/12.3.1/../../../../arm-none-eabi/lib/thumb/v7e-m+fp/hard\libm.a(libm_a-e_pow.o)
 .rodata.npio2_hw
                0x08008c08       0x80 C:/ST/STM32CubeIDE_1.15.1/STM32CubeIDE/plugins/com.st.stm32cube.ide.mcu.externaltools.gnu-tools-for-stm32.12.3.rel1.win32_1.0.100.202403111256/tools/bin/../lib/gcc/arm-none-eabi/12.3.1/../../../../arm-none-eabi/lib/thumb/v7e-m+fp/hard\libm.a(libm_a-e_rem_pio2.o)
 .rodata.two_over_pi
                0x08008c88      0x108 C:/ST/STM32CubeIDE_1.15.1/STM32CubeIDE/plugins/com.st.stm32cube.ide.mcu.externaltools.gnu-tools-for-stm32.12.3.rel1.win32_1.0.100.202403111256/tools/bin/../lib/gcc/arm-none-eabi/12.3.1/../../../../arm-none-eabi/lib/thumb/v7e-m+fp/hard\libm.a(libm_a-e_rem_pio2.o)
 .rodata.PIo2   0x08008d90       0x40 C:/ST/STM32CubeIDE_1.15.1/STM32CubeIDE/plugins/com.st.stm32cube.ide.mcu.externaltools.gnu-tools-for-stm32.12.3.rel1.win32_1.0.100.202403111256/tools/bin/../lib/gcc/arm-none-eabi/12.3.1/../../../../arm-none-eabi/lib/thumb/v7e-m+fp/hard\libm.a(libm_a-k_rem_pio2.o)
 .rodata.init_jk
                0x08008dd0       0x10 C:/ST/STM32CubeIDE_1.15.1/STM32CubeIDE/plugins/com.st.stm32cube.ide.mcu.externaltools.gnu-tools-for-stm32.12.3.rel1.win32_1.0.100.202403111256/tools/bin/../lib/gcc/arm-none-eabi/12.3.1/../../../../arm-none-eabi/lib/thumb/v7e-m+fp/hard\libm.a(libm_a-k_rem_pio2.o)
                0x08008de0                        . = ALIGN (0x4)

.ARM.extab      0x08008de0        0x0
                0x08008de0                        . = ALIGN (0x4)
 *(.ARM.extab* .gnu.linkonce.armextab.*)
                0x08008de0                        . = ALIGN (0x4)

.ARM            0x08008de0        0x8
                0x08008de0                        . = ALIGN (0x4)
                0x08008de0                        __exidx_start = .
 *(.ARM.exidx*)
 .ARM.exidx     0x08008de0        0x8 C:/ST/STM32CubeIDE_1.15.1/STM32CubeIDE/plugins/com.st.stm32cube.ide.mcu.externaltools.gnu-tools-for-stm32.12.3.rel1.win32_1.0.100.202403111256/tools/bin/../lib/gcc/arm-none-eabi/12.3.1/../../../../arm-none-eabi/lib/thumb/v7e-m+fp/hard\libc_nano.a(libc_a-strlen.o)
 .ARM.exidx     0x08008de8        0x0 C:/ST/STM32CubeIDE_1.15.1/STM32CubeIDE/plugins/com.st.stm32cube.ide.mcu.externaltools.gnu-tools-for-stm32.12.3.rel1.win32_1.0.100.202403111256/tools/bin/../lib/gcc/arm-none-eabi/12.3.1/../../../../arm-none-eabi/lib/thumb/v7e-m+fp/hard\libc_nano.a(libc_a-memchr.o)
                                  0x8 (size before relaxing)
 .ARM.exidx     0x08008de8        0x0 C:/ST/STM32CubeIDE_1.15.1/STM32CubeIDE/plugins/com.st.stm32cube.ide.mcu.externaltools.gnu-tools-for-stm32.12.3.rel1.win32_1.0.100.202403111256/tools/bin/../lib/gcc/arm-none-eabi/12.3.1/thumb/v7e-m+fp/hard\libgcc.a(_udivmoddi4.o)
                                  0x8 (size before relaxing)
                0x08008de8                        __exidx_end = .
                0x08008de8                        . = ALIGN (0x4)

.preinit_array  0x08008de8        0x0
                0x08008de8                        . = ALIGN (0x4)
                0x08008de8                        PROVIDE (__preinit_array_start = .)
 *(.preinit_array*)
                0x08008de8                        PROVIDE (__preinit_array_end = .)
                0x08008de8                        . = ALIGN (0x4)

.init_array     0x08008de8        0x4
                0x08008de8                        . = ALIGN (0x4)
                0x08008de8                        PROVIDE (__init_array_start = .)
 *(SORT_BY_NAME(.init_array.*))
 *(.init_array*)
 .init_array    0x08008de8        0x4 C:/ST/STM32CubeIDE_1.15.1/STM32CubeIDE/plugins/com.st.stm32cube.ide.mcu.externaltools.gnu-tools-for-stm32.12.3.rel1.win32_1.0.100.202403111256/tools/bin/../lib/gcc/arm-none-eabi/12.3.1/thumb/v7e-m+fp/hard/crtbegin.o
                0x08008dec                        PROVIDE (__init_array_end = .)
                0x08008dec                        . = ALIGN (0x4)

.fini_array     0x08008dec        0x4
                0x08008dec                        . = ALIGN (0x4)
                [!provide]                        PROVIDE (__fini_array_start = .)
 *(SORT_BY_NAME(.fini_array.*))
 *(.fini_array*)
 .fini_array    0x08008dec        0x4 C:/ST/STM32CubeIDE_1.15.1/STM32CubeIDE/plugins/com.st.stm32cube.ide.mcu.externaltools.gnu-tools-for-stm32.12.3.rel1.win32_1.0.100.202403111256/tools/bin/../lib/gcc/arm-none-eabi/12.3.1/thumb/v7e-m+fp/hard/crtbegin.o
                [!provide]                        PROVIDE (__fini_array_end = .)
                0x08008df0                        . = ALIGN (0x4)
                0x08008df0                        _sidata = LOADADDR (.data)

.rel.dyn        0x08008df0        0x0
 .rel.iplt      0x08008df0        0x0 C:/ST/STM32CubeIDE_1.15.1/STM32CubeIDE/plugins/com.st.stm32cube.ide.mcu.externaltools.gnu-tools-for-stm32.12.3.rel1.win32_1.0.100.202403111256/tools/bin/../lib/gcc/arm-none-eabi/12.3.1/thumb/v7e-m+fp/hard/crtbegin.o

.data           0x20000000       0xc8 load address 0x08008df0
                0x20000000                        . = ALIGN (0x4)
                0x20000000                        _sdata = .
 *(.data)
 *(.data*)
 .data.Dev_init
                0x20000000        0x2 Core\Src\main.o
                0x20000000                Dev_init
 *fill*         0x20000002        0x2 
 .data.Devs     0x20000004       0x12 Core\Src\main.o
                0x20000004                Devs
 *fill*         0x20000016        0x2 
 .data.OffsetCal
                0x20000018       0x1a Core\Src\main.o
                0x20000018                OffsetCal
 *fill*         0x20000032        0x2 
 .data.zone_center
                0x20000034       0x24 Core\Src\main.o
                0x20000034                zone_center
 .data.TimingBudget
                0x20000058        0x2 Core\Src\main.o
                0x20000058                TimingBudget
 *fill*         0x2000005a        0x2 
 .data.SystemCoreClock
                0x2000005c        0x4 Core\Src\system_stm32f4xx.o
                0x2000005c                SystemCoreClock
 .data.uwTickPrio
                0x20000060        0x4 Drivers\STM32F4xx_HAL_Driver\Src\stm32f4xx_hal.o
                0x20000060                uwTickPrio
 .data.uwTickFreq
                0x20000064        0x1 Drivers\STM32F4xx_HAL_Driver\Src\stm32f4xx_hal.o
                0x20000064                uwTickFreq
 *fill*         0x20000065        0x3 
 .data._impure_ptr
                0x20000068        0x4 C:/ST/STM32CubeIDE_1.15.1/STM32CubeIDE/plugins/com.st.stm32cube.ide.mcu.externaltools.gnu-tools-for-stm32.12.3.rel1.win32_1.0.100.202403111256/tools/bin/../lib/gcc/arm-none-eabi/12.3.1/../../../../arm-none-eabi/lib/thumb/v7e-m+fp/hard\libc_nano.a(libc_a-impure.o)
                0x20000068                _impure_ptr
 .data._impure_data
                0x2000006c       0x4c C:/ST/STM32CubeIDE_1.15.1/STM32CubeIDE/plugins/com.st.stm32cube.ide.mcu.externaltools.gnu-tools-for-stm32.12.3.rel1.win32_1.0.100.202403111256/tools/bin/../lib/gcc/arm-none-eabi/12.3.1/../../../../arm-none-eabi/lib/thumb/v7e-m+fp/hard\libc_nano.a(libc_a-impure.o)
                0x2000006c                _impure_data
 .data.tiny     0x200000b8        0x8 C:/ST/STM32CubeIDE_1.15.1/STM32CubeIDE/plugins/com.st.stm32cube.ide.mcu.externaltools.gnu-tools-for-stm32.12.3.rel1.win32_1.0.100.202403111256/tools/bin/../lib/gcc/arm-none-eabi/12.3.1/../../../../arm-none-eabi/lib/thumb/v7e-m+fp/hard\libm.a(libm_a-e_sqrt.o)
 .data.one      0x200000c0        0x8 C:/ST/STM32CubeIDE_1.15.1/STM32CubeIDE/plugins/com.st.stm32cube.ide.mcu.externaltools.gnu-tools-for-stm32.12.3.rel1.win32_1.0.100.202403111256/tools/bin/../lib/gcc/arm-none-eabi/12.3.1/../../../../arm-none-eabi/lib/thumb/v7e-m+fp/hard\libm.a(libm_a-e_sqrt.o)
 *(.RamFunc)
 *(.RamFunc*)
                0x200000c8                        . = ALIGN (0x4)
                0x200000c8                        _edata = .

.igot.plt       0x200000c8        0x0 load address 0x08008eb8
 .igot.plt      0x200000c8        0x0 C:/ST/STM32CubeIDE_1.15.1/STM32CubeIDE/plugins/com.st.stm32cube.ide.mcu.externaltools.gnu-tools-for-stm32.12.3.rel1.win32_1.0.100.202403111256/tools/bin/../lib/gcc/arm-none-eabi/12.3.1/thumb/v7e-m+fp/hard/crtbegin.o
                0x200000c8                        . = ALIGN (0x4)

.bss            0x200000c8     0x18b4 load address 0x08008eb8
                0x200000c8                        _sbss = .
                0x200000c8                        __bss_start__ = _sbss
 *(.bss)
 .bss           0x200000c8       0x1c C:/ST/STM32CubeIDE_1.15.1/STM32CubeIDE/plugins/com.st.stm32cube.ide.mcu.externaltools.gnu-tools-for-stm32.12.3.rel1.win32_1.0.100.202403111256/tools/bin/../lib/gcc/arm-none-eabi/12.3.1/thumb/v7e-m+fp/hard/crtbegin.o
 *(.bss*)
 .bss.__sbrk_heap_end
                0x200000e4        0x4 Core\Src\sysmem.o
 .bss.__sf      0x200000e8      0x138 C:/ST/STM32CubeIDE_1.15.1/STM32CubeIDE/plugins/com.st.stm32cube.ide.mcu.externaltools.gnu-tools-for-stm32.12.3.rel1.win32_1.0.100.202403111256/tools/bin/../lib/gcc/arm-none-eabi/12.3.1/../../../../arm-none-eabi/lib/thumb/v7e-m+fp/hard\libc_nano.a(libc_a-findfp.o)
                0x200000e8                __sf
 .bss.errno     0x20000220        0x4 C:/ST/STM32CubeIDE_1.15.1/STM32CubeIDE/plugins/com.st.stm32cube.ide.mcu.externaltools.gnu-tools-for-stm32.12.3.rel1.win32_1.0.100.202403111256/tools/bin/../lib/gcc/arm-none-eabi/12.3.1/../../../../arm-none-eabi/lib/thumb/v7e-m+fp/hard\libc_nano.a(libc_a-reent.o)
                0x20000220                errno
 .bss.__lock___malloc_recursive_mutex
                0x20000224        0x1 C:/ST/STM32CubeIDE_1.15.1/STM32CubeIDE/plugins/com.st.stm32cube.ide.mcu.externaltools.gnu-tools-for-stm32.12.3.rel1.win32_1.0.100.202403111256/tools/bin/../lib/gcc/arm-none-eabi/12.3.1/../../../../arm-none-eabi/lib/thumb/v7e-m+fp/hard\libc_nano.a(libc_a-lock.o)
                0x20000224                __lock___malloc_recursive_mutex
 *fill*         0x20000225        0x3 
 .bss.__malloc_sbrk_start
                0x20000228        0x4 C:/ST/STM32CubeIDE_1.15.1/STM32CubeIDE/plugins/com.st.stm32cube.ide.mcu.externaltools.gnu-tools-for-stm32.12.3.rel1.win32_1.0.100.202403111256/tools/bin/../lib/gcc/arm-none-eabi/12.3.1/../../../../arm-none-eabi/lib/thumb/v7e-m+fp/hard\libc_nano.a(libc_a-mallocr.o)
                0x20000228                __malloc_sbrk_start
 .bss.__malloc_free_list
                0x2000022c        0x4 C:/ST/STM32CubeIDE_1.15.1/STM32CubeIDE/plugins/com.st.stm32cube.ide.mcu.externaltools.gnu-tools-for-stm32.12.3.rel1.win32_1.0.100.202403111256/tools/bin/../lib/gcc/arm-none-eabi/12.3.1/../../../../arm-none-eabi/lib/thumb/v7e-m+fp/hard\libc_nano.a(libc_a-mallocr.o)
                0x2000022c                __malloc_free_list
 *(COMMON)
 COMMON         0x20000230      0x1fc Core\Inc\UltraLiteDriver\platform.o
                0x20000230                _I2CBuffer
                0x20000330                DMA_HANDLE
                0x20000390                I2C_HANDL
                0x200003e4                SERIAL_UART
 *fill*         0x2000042c        0x4 
 COMMON         0x20000430     0x1496 Core\Src\main.o
                0x20000430                AmbientRate
                0x20000438                SystemAngle
                0x20000440                BigBuff
                0x200013e0                Distance
                0x200013e4                LidarAngle
                0x200015b8                VL53L1X_BUFFER
                0x200015f4                dataRead
                0x200015f8                TimeStamp
                0x200017cc                OldAngle
                0x200017d0                SpadNb
                0x200017d4                LidarDistance
                0x200018be                AmbientPerSpad
                0x200018c0                SignalRate
                0x200018c2                RangeStatus
                0x200018c4                SignalPerSpad
 *fill*         0x200018c6        0x2 
 COMMON         0x200018c8       0xb0 Core\Src\platform_specific.o
                0x200018c8                Uart_RxIndex
                0x200018cc                UART_Ready
                0x200018d0                UartComm_RXBuffer
                0x20001920                UartComm_RXIndex
                0x20001924                UART_Active
                0x20001928                Uart_RXBuffer
 COMMON         0x20001978        0x4 Drivers\STM32F4xx_HAL_Driver\Src\stm32f4xx_hal.o
                0x20001978                uwTick
                0x2000197c                        . = ALIGN (0x4)
                0x2000197c                        _ebss = .
                0x2000197c                        __bss_end__ = _ebss

._user_heap_stack
                0x2000197c      0x604 load address 0x08008eb8
                0x20001980                        . = ALIGN (0x8)
 *fill*         0x2000197c        0x4 
                [!provide]                        PROVIDE (end = .)
                0x20001980                        PROVIDE (_end = .)
                0x20001b80                        . = (. + _Min_Heap_Size)
 *fill*         0x20001980      0x200 
                0x20001f80                        . = (. + _Min_Stack_Size)
 *fill*         0x20001b80      0x400 
                0x20001f80                        . = ALIGN (0x8)

/DISCARD/
 libc.a(*)
 libm.a(*)
 libgcc.a(*)

.ARM.attributes
                0x00000000       0x30
 *(.ARM.attributes)
 .ARM.attributes
                0x00000000       0x22 C:/ST/STM32CubeIDE_1.15.1/STM32CubeIDE/plugins/com.st.stm32cube.ide.mcu.externaltools.gnu-tools-for-stm32.12.3.rel1.win32_1.0.100.202403111256/tools/bin/../lib/gcc/arm-none-eabi/12.3.1/thumb/v7e-m+fp/hard/crti.o
 .ARM.attributes
                0x00000022       0x34 C:/ST/STM32CubeIDE_1.15.1/STM32CubeIDE/plugins/com.st.stm32cube.ide.mcu.externaltools.gnu-tools-for-stm32.12.3.rel1.win32_1.0.100.202403111256/tools/bin/../lib/gcc/arm-none-eabi/12.3.1/thumb/v7e-m+fp/hard/crtbegin.o
 .ARM.attributes
                0x00000056       0x34 Core\Inc\UltraLiteDriver\VL53L1X_api.o
 .ARM.attributes
                0x0000008a       0x34 Core\Inc\UltraLiteDriver\platform.o
 .ARM.attributes
                0x000000be       0x34 Core\Src\main.o
 .ARM.attributes
                0x000000f2       0x34 Core\Src\platform_specific.o
 .ARM.attributes
                0x00000126       0x34 Core\Src\stm32f4xx_it.o
 .ARM.attributes
                0x0000015a       0x34 Core\Src\sysmem.o
 .ARM.attributes
                0x0000018e       0x34 Core\Src\system_stm32f4xx.o
 .ARM.attributes
                0x000001c2       0x21 Core\Startup\startup_stm32f401retx.o
 .ARM.attributes
                0x000001e3       0x34 Drivers\STM32F4xx_HAL_Driver\Src\stm32f4xx_hal.o
 .ARM.attributes
                0x00000217       0x34 Drivers\STM32F4xx_HAL_Driver\Src\stm32f4xx_hal_cortex.o
 .ARM.attributes
                0x0000024b       0x34 Drivers\STM32F4xx_HAL_Driver\Src\stm32f4xx_hal_dma.o
 .ARM.attributes
                0x0000027f       0x34 Drivers\STM32F4xx_HAL_Driver\Src\stm32f4xx_hal_gpio.o
 .ARM.attributes
                0x000002b3       0x34 Drivers\STM32F4xx_HAL_Driver\Src\stm32f4xx_hal_i2c.o
 .ARM.attributes
                0x000002e7       0x34 Drivers\STM32F4xx_HAL_Driver\Src\stm32f4xx_hal_rcc.o
 .ARM.attributes
                0x0000031b       0x34 Drivers\STM32F4xx_HAL_Driver\Src\stm32f4xx_hal_uart.o
 .ARM.attributes
                0x0000034f       0x34 C:/ST/STM32CubeIDE_1.15.1/STM32CubeIDE/plugins/com.st.stm32cube.ide.mcu.externaltools.gnu-tools-for-stm32.12.3.rel1.win32_1.0.100.202403111256/tools/bin/../lib/gcc/arm-none-eabi/12.3.1/../../../../arm-none-eabi/lib/thumb/v7e-m+fp/hard\libc_nano.a(libc_a-findfp.o)
 .ARM.attributes
                0x00000383       0x34 C:/ST/STM32CubeIDE_1.15.1/STM32CubeIDE/plugins/com.st.stm32cube.ide.mcu.externaltools.gnu-tools-for-stm32.12.3.rel1.win32_1.0.100.202403111256/tools/bin/../lib/gcc/arm-none-eabi/12.3.1/../../../../arm-none-eabi/lib/thumb/v7e-m+fp/hard\libc_nano.a(libc_a-snprintf.o)
 .ARM.attributes
                0x000003b7       0x34 C:/ST/STM32CubeIDE_1.15.1/STM32CubeIDE/plugins/com.st.stm32cube.ide.mcu.externaltools.gnu-tools-for-stm32.12.3.rel1.win32_1.0.100.202403111256/tools/bin/../lib/gcc/arm-none-eabi/12.3.1/../../../../arm-none-eabi/lib/thumb/v7e-m+fp/hard\libc_nano.a(libc_a-reent.o)
 .ARM.attributes
                0x000003eb       0x34 C:/ST/STM32CubeIDE_1.15.1/STM32CubeIDE/plugins/com.st.stm32cube.ide.mcu.externaltools.gnu-tools-for-stm32.12.3.rel1.win32_1.0.100.202403111256/tools/bin/../lib/gcc/arm-none-eabi/12.3.1/../../../../arm-none-eabi/lib/thumb/v7e-m+fp/hard\libc_nano.a(libc_a-impure.o)
 .ARM.attributes
                0x0000041f       0x34 C:/ST/STM32CubeIDE_1.15.1/STM32CubeIDE/plugins/com.st.stm32cube.ide.mcu.externaltools.gnu-tools-for-stm32.12.3.rel1.win32_1.0.100.202403111256/tools/bin/../lib/gcc/arm-none-eabi/12.3.1/../../../../arm-none-eabi/lib/thumb/v7e-m+fp/hard\libc_nano.a(libc_a-errno.o)
 .ARM.attributes
                0x00000453       0x34 C:/ST/STM32CubeIDE_1.15.1/STM32CubeIDE/plugins/com.st.stm32cube.ide.mcu.externaltools.gnu-tools-for-stm32.12.3.rel1.win32_1.0.100.202403111256/tools/bin/../lib/gcc/arm-none-eabi/12.3.1/../../../../arm-none-eabi/lib/thumb/v7e-m+fp/hard\libc_nano.a(libc_a-init.o)
 .ARM.attributes
                0x00000487       0x34 C:/ST/STM32CubeIDE_1.15.1/STM32CubeIDE/plugins/com.st.stm32cube.ide.mcu.externaltools.gnu-tools-for-stm32.12.3.rel1.win32_1.0.100.202403111256/tools/bin/../lib/gcc/arm-none-eabi/12.3.1/../../../../arm-none-eabi/lib/thumb/v7e-m+fp/hard\libc_nano.a(libc_a-lock.o)
 .ARM.attributes
                0x000004bb       0x34 C:/ST/STM32CubeIDE_1.15.1/STM32CubeIDE/plugins/com.st.stm32cube.ide.mcu.externaltools.gnu-tools-for-stm32.12.3.rel1.win32_1.0.100.202403111256/tools/bin/../lib/gcc/arm-none-eabi/12.3.1/../../../../arm-none-eabi/lib/thumb/v7e-m+fp/hard\libc_nano.a(libc_a-memcpy-stub.o)
 .ARM.attributes
                0x000004ef       0x17 C:/ST/STM32CubeIDE_1.15.1/STM32CubeIDE/plugins/com.st.stm32cube.ide.mcu.externaltools.gnu-tools-for-stm32.12.3.rel1.win32_1.0.100.202403111256/tools/bin/../lib/gcc/arm-none-eabi/12.3.1/../../../../arm-none-eabi/lib/thumb/v7e-m+fp/hard\libc_nano.a(libc_a-strlen.o)
 .ARM.attributes
                0x00000506       0x34 C:/ST/STM32CubeIDE_1.15.1/STM32CubeIDE/plugins/com.st.stm32cube.ide.mcu.externaltools.gnu-tools-for-stm32.12.3.rel1.win32_1.0.100.202403111256/tools/bin/../lib/gcc/arm-none-eabi/12.3.1/../../../../arm-none-eabi/lib/thumb/v7e-m+fp/hard\libc_nano.a(libc_a-freer.o)
 .ARM.attributes
                0x0000053a       0x34 C:/ST/STM32CubeIDE_1.15.1/STM32CubeIDE/plugins/com.st.stm32cube.ide.mcu.externaltools.gnu-tools-for-stm32.12.3.rel1.win32_1.0.100.202403111256/tools/bin/../lib/gcc/arm-none-eabi/12.3.1/../../../../arm-none-eabi/lib/thumb/v7e-m+fp/hard\libc_nano.a(libc_a-mallocr.o)
 .ARM.attributes
                0x0000056e       0x34 C:/ST/STM32CubeIDE_1.15.1/STM32CubeIDE/plugins/com.st.stm32cube.ide.mcu.externaltools.gnu-tools-for-stm32.12.3.rel1.win32_1.0.100.202403111256/tools/bin/../lib/gcc/arm-none-eabi/12.3.1/../../../../arm-none-eabi/lib/thumb/v7e-m+fp/hard\libc_nano.a(libc_a-mlock.o)
 .ARM.attributes
                0x000005a2       0x34 C:/ST/STM32CubeIDE_1.15.1/STM32CubeIDE/plugins/com.st.stm32cube.ide.mcu.externaltools.gnu-tools-for-stm32.12.3.rel1.win32_1.0.100.202403111256/tools/bin/../lib/gcc/arm-none-eabi/12.3.1/../../../../arm-none-eabi/lib/thumb/v7e-m+fp/hard\libc_nano.a(libc_a-nano-svfprintf.o)
 .ARM.attributes
                0x000005d6       0x34 C:/ST/STM32CubeIDE_1.15.1/STM32CubeIDE/plugins/com.st.stm32cube.ide.mcu.externaltools.gnu-tools-for-stm32.12.3.rel1.win32_1.0.100.202403111256/tools/bin/../lib/gcc/arm-none-eabi/12.3.1/../../../../arm-none-eabi/lib/thumb/v7e-m+fp/hard\libc_nano.a(libc_a-nano-vfprintf_i.o)
 .ARM.attributes
                0x0000060a       0x34 C:/ST/STM32CubeIDE_1.15.1/STM32CubeIDE/plugins/com.st.stm32cube.ide.mcu.externaltools.gnu-tools-for-stm32.12.3.rel1.win32_1.0.100.202403111256/tools/bin/../lib/gcc/arm-none-eabi/12.3.1/../../../../arm-none-eabi/lib/thumb/v7e-m+fp/hard\libc_nano.a(libc_a-memmove.o)
 .ARM.attributes
                0x0000063e       0x34 C:/ST/STM32CubeIDE_1.15.1/STM32CubeIDE/plugins/com.st.stm32cube.ide.mcu.externaltools.gnu-tools-for-stm32.12.3.rel1.win32_1.0.100.202403111256/tools/bin/../lib/gcc/arm-none-eabi/12.3.1/../../../../arm-none-eabi/lib/thumb/v7e-m+fp/hard\libc_nano.a(libc_a-sbrkr.o)
 .ARM.attributes
                0x00000672       0x1c C:/ST/STM32CubeIDE_1.15.1/STM32CubeIDE/plugins/com.st.stm32cube.ide.mcu.externaltools.gnu-tools-for-stm32.12.3.rel1.win32_1.0.100.202403111256/tools/bin/../lib/gcc/arm-none-eabi/12.3.1/../../../../arm-none-eabi/lib/thumb/v7e-m+fp/hard\libc_nano.a(libc_a-memchr.o)
 .ARM.attributes
                0x0000068e       0x34 C:/ST/STM32CubeIDE_1.15.1/STM32CubeIDE/plugins/com.st.stm32cube.ide.mcu.externaltools.gnu-tools-for-stm32.12.3.rel1.win32_1.0.100.202403111256/tools/bin/../lib/gcc/arm-none-eabi/12.3.1/../../../../arm-none-eabi/lib/thumb/v7e-m+fp/hard\libc_nano.a(libc_a-reallocr.o)
 .ARM.attributes
                0x000006c2       0x34 C:/ST/STM32CubeIDE_1.15.1/STM32CubeIDE/plugins/com.st.stm32cube.ide.mcu.externaltools.gnu-tools-for-stm32.12.3.rel1.win32_1.0.100.202403111256/tools/bin/../lib/gcc/arm-none-eabi/12.3.1/../../../../arm-none-eabi/lib/thumb/v7e-m+fp/hard\libc_nano.a(libc_a-msizer.o)
 .ARM.attributes
                0x000006f6       0x34 C:/ST/STM32CubeIDE_1.15.1/STM32CubeIDE/plugins/com.st.stm32cube.ide.mcu.externaltools.gnu-tools-for-stm32.12.3.rel1.win32_1.0.100.202403111256/tools/bin/../lib/gcc/arm-none-eabi/12.3.1/../../../../arm-none-eabi/lib/thumb/v7e-m+fp/hard\libm.a(libm_a-w_pow.o)
 .ARM.attributes
                0x0000072a       0x34 C:/ST/STM32CubeIDE_1.15.1/STM32CubeIDE/plugins/com.st.stm32cube.ide.mcu.externaltools.gnu-tools-for-stm32.12.3.rel1.win32_1.0.100.202403111256/tools/bin/../lib/gcc/arm-none-eabi/12.3.1/../../../../arm-none-eabi/lib/thumb/v7e-m+fp/hard\libm.a(libm_a-s_cos.o)
 .ARM.attributes
                0x0000075e       0x34 C:/ST/STM32CubeIDE_1.15.1/STM32CubeIDE/plugins/com.st.stm32cube.ide.mcu.externaltools.gnu-tools-for-stm32.12.3.rel1.win32_1.0.100.202403111256/tools/bin/../lib/gcc/arm-none-eabi/12.3.1/../../../../arm-none-eabi/lib/thumb/v7e-m+fp/hard\libm.a(libm_a-s_finite.o)
 .ARM.attributes
                0x00000792       0x34 C:/ST/STM32CubeIDE_1.15.1/STM32CubeIDE/plugins/com.st.stm32cube.ide.mcu.externaltools.gnu-tools-for-stm32.12.3.rel1.win32_1.0.100.202403111256/tools/bin/../lib/gcc/arm-none-eabi/12.3.1/../../../../arm-none-eabi/lib/thumb/v7e-m+fp/hard\libm.a(libm_a-k_cos.o)
 .ARM.attributes
                0x000007c6       0x34 C:/ST/STM32CubeIDE_1.15.1/STM32CubeIDE/plugins/com.st.stm32cube.ide.mcu.externaltools.gnu-tools-for-stm32.12.3.rel1.win32_1.0.100.202403111256/tools/bin/../lib/gcc/arm-none-eabi/12.3.1/../../../../arm-none-eabi/lib/thumb/v7e-m+fp/hard\libm.a(libm_a-k_sin.o)
 .ARM.attributes
                0x000007fa       0x34 C:/ST/STM32CubeIDE_1.15.1/STM32CubeIDE/plugins/com.st.stm32cube.ide.mcu.externaltools.gnu-tools-for-stm32.12.3.rel1.win32_1.0.100.202403111256/tools/bin/../lib/gcc/arm-none-eabi/12.3.1/../../../../arm-none-eabi/lib/thumb/v7e-m+fp/hard\libm.a(libm_a-e_pow.o)
 .ARM.attributes
                0x0000082e       0x34 C:/ST/STM32CubeIDE_1.15.1/STM32CubeIDE/plugins/com.st.stm32cube.ide.mcu.externaltools.gnu-tools-for-stm32.12.3.rel1.win32_1.0.100.202403111256/tools/bin/../lib/gcc/arm-none-eabi/12.3.1/../../../../arm-none-eabi/lib/thumb/v7e-m+fp/hard\libm.a(libm_a-e_rem_pio2.o)
 .ARM.attributes
                0x00000862       0x34 C:/ST/STM32CubeIDE_1.15.1/STM32CubeIDE/plugins/com.st.stm32cube.ide.mcu.externaltools.gnu-tools-for-stm32.12.3.rel1.win32_1.0.100.202403111256/tools/bin/../lib/gcc/arm-none-eabi/12.3.1/../../../../arm-none-eabi/lib/thumb/v7e-m+fp/hard\libm.a(libm_a-s_fabs.o)
 .ARM.attributes
                0x00000896       0x34 C:/ST/STM32CubeIDE_1.15.1/STM32CubeIDE/plugins/com.st.stm32cube.ide.mcu.externaltools.gnu-tools-for-stm32.12.3.rel1.win32_1.0.100.202403111256/tools/bin/../lib/gcc/arm-none-eabi/12.3.1/../../../../arm-none-eabi/lib/thumb/v7e-m+fp/hard\libm.a(libm_a-s_scalbn.o)
 .ARM.attributes
                0x000008ca       0x34 C:/ST/STM32CubeIDE_1.15.1/STM32CubeIDE/plugins/com.st.stm32cube.ide.mcu.externaltools.gnu-tools-for-stm32.12.3.rel1.win32_1.0.100.202403111256/tools/bin/../lib/gcc/arm-none-eabi/12.3.1/../../../../arm-none-eabi/lib/thumb/v7e-m+fp/hard\libm.a(libm_a-math_err.o)
 .ARM.attributes
                0x000008fe       0x34 C:/ST/STM32CubeIDE_1.15.1/STM32CubeIDE/plugins/com.st.stm32cube.ide.mcu.externaltools.gnu-tools-for-stm32.12.3.rel1.win32_1.0.100.202403111256/tools/bin/../lib/gcc/arm-none-eabi/12.3.1/../../../../arm-none-eabi/lib/thumb/v7e-m+fp/hard\libm.a(libm_a-e_sqrt.o)
 .ARM.attributes
                0x00000932       0x34 C:/ST/STM32CubeIDE_1.15.1/STM32CubeIDE/plugins/com.st.stm32cube.ide.mcu.externaltools.gnu-tools-for-stm32.12.3.rel1.win32_1.0.100.202403111256/tools/bin/../lib/gcc/arm-none-eabi/12.3.1/../../../../arm-none-eabi/lib/thumb/v7e-m+fp/hard\libm.a(libm_a-k_rem_pio2.o)
 .ARM.attributes
                0x00000966       0x34 C:/ST/STM32CubeIDE_1.15.1/STM32CubeIDE/plugins/com.st.stm32cube.ide.mcu.externaltools.gnu-tools-for-stm32.12.3.rel1.win32_1.0.100.202403111256/tools/bin/../lib/gcc/arm-none-eabi/12.3.1/../../../../arm-none-eabi/lib/thumb/v7e-m+fp/hard\libm.a(libm_a-s_floor.o)
 .ARM.attributes
                0x0000099a       0x22 C:/ST/STM32CubeIDE_1.15.1/STM32CubeIDE/plugins/com.st.stm32cube.ide.mcu.externaltools.gnu-tools-for-stm32.12.3.rel1.win32_1.0.100.202403111256/tools/bin/../lib/gcc/arm-none-eabi/12.3.1/thumb/v7e-m+fp/hard\libgcc.a(_arm_addsubdf3.o)
 .ARM.attributes
                0x000009bc       0x22 C:/ST/STM32CubeIDE_1.15.1/STM32CubeIDE/plugins/com.st.stm32cube.ide.mcu.externaltools.gnu-tools-for-stm32.12.3.rel1.win32_1.0.100.202403111256/tools/bin/../lib/gcc/arm-none-eabi/12.3.1/thumb/v7e-m+fp/hard\libgcc.a(_arm_muldivdf3.o)
 .ARM.attributes
                0x000009de       0x22 C:/ST/STM32CubeIDE_1.15.1/STM32CubeIDE/plugins/com.st.stm32cube.ide.mcu.externaltools.gnu-tools-for-stm32.12.3.rel1.win32_1.0.100.202403111256/tools/bin/../lib/gcc/arm-none-eabi/12.3.1/thumb/v7e-m+fp/hard\libgcc.a(_arm_cmpdf2.o)
 .ARM.attributes
                0x00000a00       0x22 C:/ST/STM32CubeIDE_1.15.1/STM32CubeIDE/plugins/com.st.stm32cube.ide.mcu.externaltools.gnu-tools-for-stm32.12.3.rel1.win32_1.0.100.202403111256/tools/bin/../lib/gcc/arm-none-eabi/12.3.1/thumb/v7e-m+fp/hard\libgcc.a(_arm_unorddf2.o)
 .ARM.attributes
                0x00000a22       0x22 C:/ST/STM32CubeIDE_1.15.1/STM32CubeIDE/plugins/com.st.stm32cube.ide.mcu.externaltools.gnu-tools-for-stm32.12.3.rel1.win32_1.0.100.202403111256/tools/bin/../lib/gcc/arm-none-eabi/12.3.1/thumb/v7e-m+fp/hard\libgcc.a(_arm_fixdfsi.o)
 .ARM.attributes
                0x00000a44       0x22 C:/ST/STM32CubeIDE_1.15.1/STM32CubeIDE/plugins/com.st.stm32cube.ide.mcu.externaltools.gnu-tools-for-stm32.12.3.rel1.win32_1.0.100.202403111256/tools/bin/../lib/gcc/arm-none-eabi/12.3.1/thumb/v7e-m+fp/hard\libgcc.a(_arm_fixunsdfsi.o)
 .ARM.attributes
                0x00000a66       0x22 C:/ST/STM32CubeIDE_1.15.1/STM32CubeIDE/plugins/com.st.stm32cube.ide.mcu.externaltools.gnu-tools-for-stm32.12.3.rel1.win32_1.0.100.202403111256/tools/bin/../lib/gcc/arm-none-eabi/12.3.1/thumb/v7e-m+fp/hard\libgcc.a(_arm_truncdfsf2.o)
 .ARM.attributes
                0x00000a88       0x22 C:/ST/STM32CubeIDE_1.15.1/STM32CubeIDE/plugins/com.st.stm32cube.ide.mcu.externaltools.gnu-tools-for-stm32.12.3.rel1.win32_1.0.100.202403111256/tools/bin/../lib/gcc/arm-none-eabi/12.3.1/thumb/v7e-m+fp/hard\libgcc.a(_aeabi_uldivmod.o)
 .ARM.attributes
                0x00000aaa       0x34 C:/ST/STM32CubeIDE_1.15.1/STM32CubeIDE/plugins/com.st.stm32cube.ide.mcu.externaltools.gnu-tools-for-stm32.12.3.rel1.win32_1.0.100.202403111256/tools/bin/../lib/gcc/arm-none-eabi/12.3.1/thumb/v7e-m+fp/hard\libgcc.a(_udivmoddi4.o)
 .ARM.attributes
                0x00000ade       0x22 C:/ST/STM32CubeIDE_1.15.1/STM32CubeIDE/plugins/com.st.stm32cube.ide.mcu.externaltools.gnu-tools-for-stm32.12.3.rel1.win32_1.0.100.202403111256/tools/bin/../lib/gcc/arm-none-eabi/12.3.1/thumb/v7e-m+fp/hard\libgcc.a(_dvmd_tls.o)
 .ARM.attributes
                0x00000b00       0x22 C:/ST/STM32CubeIDE_1.15.1/STM32CubeIDE/plugins/com.st.stm32cube.ide.mcu.externaltools.gnu-tools-for-stm32.12.3.rel1.win32_1.0.100.202403111256/tools/bin/../lib/gcc/arm-none-eabi/12.3.1/thumb/v7e-m+fp/hard/crtn.o
OUTPUT(Test_VL.elf elf32-littlearm)
LOAD linker stubs
LOAD C:/ST/STM32CubeIDE_1.15.1/STM32CubeIDE/plugins/com.st.stm32cube.ide.mcu.externaltools.gnu-tools-for-stm32.12.3.rel1.win32_1.0.100.202403111256/tools/bin/../lib/gcc/arm-none-eabi/12.3.1/../../../../arm-none-eabi/lib/thumb/v7e-m+fp/hard\libc.a
LOAD C:/ST/STM32CubeIDE_1.15.1/STM32CubeIDE/plugins/com.st.stm32cube.ide.mcu.externaltools.gnu-tools-for-stm32.12.3.rel1.win32_1.0.100.202403111256/tools/bin/../lib/gcc/arm-none-eabi/12.3.1/../../../../arm-none-eabi/lib/thumb/v7e-m+fp/hard\libm.a
LOAD C:/ST/STM32CubeIDE_1.15.1/STM32CubeIDE/plugins/com.st.stm32cube.ide.mcu.externaltools.gnu-tools-for-stm32.12.3.rel1.win32_1.0.100.202403111256/tools/bin/../lib/gcc/arm-none-eabi/12.3.1/thumb/v7e-m+fp/hard\libgcc.a

.debug_info     0x00000000     0xd4d5
 .debug_info    0x00000000     0x10ec Core\Inc\UltraLiteDriver\VL53L1X_api.o
 .debug_info    0x000010ec      0xf0d Core\Inc\UltraLiteDriver\platform.o
 .debug_info    0x00001ff9     0x16bd Core\Src\main.o
 .debug_info    0x000036b6     0x146d Core\Src\platform_specific.o
 .debug_info    0x00004b23      0x112 Core\Src\stm32f4xx_it.o
 .debug_info    0x00004c35      0x168 Core\Src\sysmem.o
 .debug_info    0x00004d9d      0x53e Core\Src\system_stm32f4xx.o
 .debug_info    0x000052db       0x30 Core\Startup\startup_stm32f401retx.o
 .debug_info    0x0000530b      0x8bb Drivers\STM32F4xx_HAL_Driver\Src\stm32f4xx_hal.o
 .debug_info    0x00005bc6      0xcc1 Drivers\STM32F4xx_HAL_Driver\Src\stm32f4xx_hal_cortex.o
 .debug_info    0x00006887      0x8e6 Drivers\STM32F4xx_HAL_Driver\Src\stm32f4xx_hal_dma.o
 .debug_info    0x0000716d      0x6f9 Drivers\STM32F4xx_HAL_Driver\Src\stm32f4xx_hal_gpio.o
 .debug_info    0x00007866     0x2426 Drivers\STM32F4xx_HAL_Driver\Src\stm32f4xx_hal_i2c.o
 .debug_info    0x00009c8c      0x8f3 Drivers\STM32F4xx_HAL_Driver\Src\stm32f4xx_hal_rcc.o
 .debug_info    0x0000a57f     0x2f56 Drivers\STM32F4xx_HAL_Driver\Src\stm32f4xx_hal_uart.o

.debug_abbrev   0x00000000     0x1e3b
 .debug_abbrev  0x00000000      0x19d Core\Inc\UltraLiteDriver\VL53L1X_api.o
 .debug_abbrev  0x0000019d      0x27c Core\Inc\UltraLiteDriver\platform.o
 .debug_abbrev  0x00000419      0x2f3 Core\Src\main.o
 .debug_abbrev  0x0000070c      0x2cf Core\Src\platform_specific.o
 .debug_abbrev  0x000009db       0x73 Core\Src\stm32f4xx_it.o
 .debug_abbrev  0x00000a4e       0xbc Core\Src\sysmem.o
 .debug_abbrev  0x00000b0a      0x11a Core\Src\system_stm32f4xx.o
 .debug_abbrev  0x00000c24       0x24 Core\Startup\startup_stm32f401retx.o
 .debug_abbrev  0x00000c48      0x24b Drivers\STM32F4xx_HAL_Driver\Src\stm32f4xx_hal.o
 .debug_abbrev  0x00000e93      0x328 Drivers\STM32F4xx_HAL_Driver\Src\stm32f4xx_hal_cortex.o
 .debug_abbrev  0x000011bb      0x221 Drivers\STM32F4xx_HAL_Driver\Src\stm32f4xx_hal_dma.o
 .debug_abbrev  0x000013dc      0x1d3 Drivers\STM32F4xx_HAL_Driver\Src\stm32f4xx_hal_gpio.o
 .debug_abbrev  0x000015af      0x2bc Drivers\STM32F4xx_HAL_Driver\Src\stm32f4xx_hal_i2c.o
 .debug_abbrev  0x0000186b      0x2b5 Drivers\STM32F4xx_HAL_Driver\Src\stm32f4xx_hal_rcc.o
 .debug_abbrev  0x00001b20      0x31b Drivers\STM32F4xx_HAL_Driver\Src\stm32f4xx_hal_uart.o

.debug_aranges  0x00000000      0xbf8
 .debug_aranges
                0x00000000      0x168 Core\Inc\UltraLiteDriver\VL53L1X_api.o
 .debug_aranges
                0x00000168       0xa8 Core\Inc\UltraLiteDriver\platform.o
 .debug_aranges
                0x00000210       0x50 Core\Src\main.o
 .debug_aranges
                0x00000260       0x98 Core\Src\platform_specific.o
 .debug_aranges
                0x000002f8       0x60 Core\Src\stm32f4xx_it.o
 .debug_aranges
                0x00000358       0x20 Core\Src\sysmem.o
 .debug_aranges
                0x00000378       0x28 Core\Src\system_stm32f4xx.o
 .debug_aranges
                0x000003a0       0x28 Core\Startup\startup_stm32f401retx.o
 .debug_aranges
                0x000003c8       0xf0 Drivers\STM32F4xx_HAL_Driver\Src\stm32f4xx_hal.o
 .debug_aranges
                0x000004b8      0x120 Drivers\STM32F4xx_HAL_Driver\Src\stm32f4xx_hal_cortex.o
 .debug_aranges
                0x000005d8       0x90 Drivers\STM32F4xx_HAL_Driver\Src\stm32f4xx_hal_dma.o
 .debug_aranges
                0x00000668       0x58 Drivers\STM32F4xx_HAL_Driver\Src\stm32f4xx_hal_gpio.o
 .debug_aranges
                0x000006c0      0x2a8 Drivers\STM32F4xx_HAL_Driver\Src\stm32f4xx_hal_i2c.o
 .debug_aranges
                0x00000968       0x88 Drivers\STM32F4xx_HAL_Driver\Src\stm32f4xx_hal_rcc.o
 .debug_aranges
                0x000009f0      0x208 Drivers\STM32F4xx_HAL_Driver\Src\stm32f4xx_hal_uart.o

.debug_rnglists
                0x00000000      0x957
 .debug_rnglists
                0x00000000      0x114 Core\Inc\UltraLiteDriver\VL53L1X_api.o
 .debug_rnglists
                0x00000114       0x79 Core\Inc\UltraLiteDriver\platform.o
 .debug_rnglists
                0x0000018d       0x3e Core\Src\main.o
 .debug_rnglists
                0x000001cb       0x73 Core\Src\platform_specific.o
 .debug_rnglists
                0x0000023e       0x43 Core\Src\stm32f4xx_it.o
 .debug_rnglists
                0x00000281       0x13 Core\Src\sysmem.o
 .debug_rnglists
                0x00000294       0x1a Core\Src\system_stm32f4xx.o
 .debug_rnglists
                0x000002ae       0x19 Core\Startup\startup_stm32f401retx.o
 .debug_rnglists
                0x000002c7       0xaf Drivers\STM32F4xx_HAL_Driver\Src\stm32f4xx_hal.o
 .debug_rnglists
                0x00000376       0xd4 Drivers\STM32F4xx_HAL_Driver\Src\stm32f4xx_hal_cortex.o
 .debug_rnglists
                0x0000044a       0x70 Drivers\STM32F4xx_HAL_Driver\Src\stm32f4xx_hal_dma.o
 .debug_rnglists
                0x000004ba       0x3f Drivers\STM32F4xx_HAL_Driver\Src\stm32f4xx_hal_gpio.o
 .debug_rnglists
                0x000004f9      0x23c Drivers\STM32F4xx_HAL_Driver\Src\stm32f4xx_hal_i2c.o
 .debug_rnglists
                0x00000735       0x66 Drivers\STM32F4xx_HAL_Driver\Src\stm32f4xx_hal_rcc.o
 .debug_rnglists
                0x0000079b      0x1bc Drivers\STM32F4xx_HAL_Driver\Src\stm32f4xx_hal_uart.o

.debug_macro    0x00000000    0x16c61
 .debug_macro   0x00000000      0x342 Core\Inc\UltraLiteDriver\VL53L1X_api.o
 .debug_macro   0x00000342      0xab4 Core\Inc\UltraLiteDriver\VL53L1X_api.o
 .debug_macro   0x00000df6       0x2e Core\Inc\UltraLiteDriver\VL53L1X_api.o
 .debug_macro   0x00000e24       0x28 Core\Inc\UltraLiteDriver\VL53L1X_api.o
 .debug_macro   0x00000e4c       0x22 Core\Inc\UltraLiteDriver\VL53L1X_api.o
 .debug_macro   0x00000e6e       0x8e Core\Inc\UltraLiteDriver\VL53L1X_api.o
 .debug_macro   0x00000efc       0x51 Core\Inc\UltraLiteDriver\VL53L1X_api.o
 .debug_macro   0x00000f4d      0x103 Core\Inc\UltraLiteDriver\VL53L1X_api.o
 .debug_macro   0x00001050       0x6a Core\Inc\UltraLiteDriver\VL53L1X_api.o
 .debug_macro   0x000010ba      0x1df Core\Inc\UltraLiteDriver\VL53L1X_api.o
 .debug_macro   0x00001299       0x1c Core\Inc\UltraLiteDriver\VL53L1X_api.o
 .debug_macro   0x000012b5       0x22 Core\Inc\UltraLiteDriver\VL53L1X_api.o
 .debug_macro   0x000012d7       0xfb Core\Inc\UltraLiteDriver\VL53L1X_api.o
 .debug_macro   0x000013d2     0x1011 Core\Inc\UltraLiteDriver\VL53L1X_api.o
 .debug_macro   0x000023e3      0x11f Core\Inc\UltraLiteDriver\VL53L1X_api.o
 .debug_macro   0x00002502     0xb86c Core\Inc\UltraLiteDriver\VL53L1X_api.o
 .debug_macro   0x0000dd6e       0x6d Core\Inc\UltraLiteDriver\VL53L1X_api.o
 .debug_macro   0x0000dddb      0x29b Core\Inc\UltraLiteDriver\VL53L1X_api.o
 .debug_macro   0x0000e076     0x368c Core\Inc\UltraLiteDriver\VL53L1X_api.o
 .debug_macro   0x00011702      0x189 Core\Inc\UltraLiteDriver\VL53L1X_api.o
 .debug_macro   0x0001188b       0x5c Core\Inc\UltraLiteDriver\VL53L1X_api.o
 .debug_macro   0x000118e7      0x416 Core\Inc\UltraLiteDriver\VL53L1X_api.o
 .debug_macro   0x00011cfd      0x9e9 Core\Inc\UltraLiteDriver\VL53L1X_api.o
 .debug_macro   0x000126e6      0x115 Core\Inc\UltraLiteDriver\VL53L1X_api.o
 .debug_macro   0x000127fb       0xf8 Core\Inc\UltraLiteDriver\VL53L1X_api.o
 .debug_macro   0x000128f3       0xa5 Core\Inc\UltraLiteDriver\VL53L1X_api.o
 .debug_macro   0x00012998      0x15f Core\Inc\UltraLiteDriver\VL53L1X_api.o
 .debug_macro   0x00012af7      0x287 Core\Inc\UltraLiteDriver\VL53L1X_api.o
 .debug_macro   0x00012d7e       0x5f Core\Inc\UltraLiteDriver\VL53L1X_api.o
 .debug_macro   0x00012ddd      0x236 Core\Inc\UltraLiteDriver\VL53L1X_api.o
 .debug_macro   0x00013013      0x132 Core\Inc\UltraLiteDriver\VL53L1X_api.o
 .debug_macro   0x00013145      0x264 Core\Inc\UltraLiteDriver\VL53L1X_api.o
 .debug_macro   0x000133a9       0x2e Core\Inc\UltraLiteDriver\VL53L1X_api.o
 .debug_macro   0x000133d7      0x1b5 Core\Inc\UltraLiteDriver\VL53L1X_api.o
 .debug_macro   0x0001358c       0x22 Core\Inc\UltraLiteDriver\VL53L1X_api.o
 .debug_macro   0x000135ae       0xd6 Core\Inc\UltraLiteDriver\VL53L1X_api.o
 .debug_macro   0x00013684      0x127 Core\Inc\UltraLiteDriver\VL53L1X_api.o
 .debug_macro   0x000137ab       0x85 Core\Inc\UltraLiteDriver\VL53L1X_api.o
 .debug_macro   0x00013830       0x89 Core\Inc\UltraLiteDriver\VL53L1X_api.o
 .debug_macro   0x000138b9      0x2aa Core\Inc\UltraLiteDriver\VL53L1X_api.o
 .debug_macro   0x00013b63      0x126 Core\Inc\UltraLiteDriver\VL53L1X_api.o
 .debug_macro   0x00013c89       0x3b Core\Inc\UltraLiteDriver\VL53L1X_api.o
 .debug_macro   0x00013cc4       0x61 Core\Inc\UltraLiteDriver\VL53L1X_api.o
 .debug_macro   0x00013d25       0x2a Core\Inc\UltraLiteDriver\VL53L1X_api.o
 .debug_macro   0x00013d4f       0x43 Core\Inc\UltraLiteDriver\VL53L1X_api.o
 .debug_macro   0x00013d92       0x34 Core\Inc\UltraLiteDriver\VL53L1X_api.o
 .debug_macro   0x00013dc6       0x16 Core\Inc\UltraLiteDriver\VL53L1X_api.o
 .debug_macro   0x00013ddc       0x43 Core\Inc\UltraLiteDriver\VL53L1X_api.o
 .debug_macro   0x00013e1f       0x34 Core\Inc\UltraLiteDriver\VL53L1X_api.o
 .debug_macro   0x00013e53       0x10 Core\Inc\UltraLiteDriver\VL53L1X_api.o
 .debug_macro   0x00013e63       0x58 Core\Inc\UltraLiteDriver\VL53L1X_api.o
 .debug_macro   0x00013ebb       0x8e Core\Inc\UltraLiteDriver\VL53L1X_api.o
 .debug_macro   0x00013f49       0x1c Core\Inc\UltraLiteDriver\VL53L1X_api.o
 .debug_macro   0x00013f65      0x177 Core\Inc\UltraLiteDriver\VL53L1X_api.o
 .debug_macro   0x000140dc      0x369 Core\Inc\UltraLiteDriver\VL53L1X_api.o
 .debug_macro   0x00014445       0x10 Core\Inc\UltraLiteDriver\VL53L1X_api.o
 .debug_macro   0x00014455       0x35 Core\Inc\UltraLiteDriver\VL53L1X_api.o
 .debug_macro   0x0001448a       0x20 Core\Inc\UltraLiteDriver\VL53L1X_api.o
 .debug_macro   0x000144aa       0x1c Core\Inc\UltraLiteDriver\VL53L1X_api.o
 .debug_macro   0x000144c6       0x10 Core\Inc\UltraLiteDriver\VL53L1X_api.o
 .debug_macro   0x000144d6       0x1c Core\Inc\UltraLiteDriver\VL53L1X_api.o
 .debug_macro   0x000144f2       0x16 Core\Inc\UltraLiteDriver\VL53L1X_api.o
 .debug_macro   0x00014508      0x146 Core\Inc\UltraLiteDriver\VL53L1X_api.o
 .debug_macro   0x0001464e       0x16 Core\Inc\UltraLiteDriver\VL53L1X_api.o
 .debug_macro   0x00014664       0x16 Core\Inc\UltraLiteDriver\VL53L1X_api.o
 .debug_macro   0x0001467a       0x29 Core\Inc\UltraLiteDriver\VL53L1X_api.o
 .debug_macro   0x000146a3      0x126 Core\Inc\UltraLiteDriver\VL53L1X_api.o
 .debug_macro   0x000147c9      0x112 Core\Inc\UltraLiteDriver\VL53L1X_api.o
 .debug_macro   0x000148db      0x365 Core\Inc\UltraLiteDriver\platform.o
 .debug_macro   0x00014c40       0xa9 Core\Inc\UltraLiteDriver\platform.o
 .debug_macro   0x00014ce9       0x5e Core\Inc\UltraLiteDriver\platform.o
 .debug_macro   0x00014d47      0x3af Core\Src\main.o
 .debug_macro   0x000150f6       0x64 Core\Src\main.o
 .debug_macro   0x0001515a      0x118 Core\Src\main.o
 .debug_macro   0x00015272      0x19b Core\Src\main.o
 .debug_macro   0x0001540d      0x35e Core\Src\platform_specific.o
 .debug_macro   0x0001576b      0x1ec Core\Src\stm32f4xx_it.o
 .debug_macro   0x00015957       0x58 Core\Src\stm32f4xx_it.o
 .debug_macro   0x000159af       0xff Core\Src\sysmem.o
 .debug_macro   0x00015aae      0x23c Core\Src\sysmem.o
 .debug_macro   0x00015cea      0x1d3 Core\Src\system_stm32f4xx.o
 .debug_macro   0x00015ebd      0x233 Drivers\STM32F4xx_HAL_Driver\Src\stm32f4xx_hal.o
 .debug_macro   0x000160f0      0x1d3 Drivers\STM32F4xx_HAL_Driver\Src\stm32f4xx_hal_cortex.o
 .debug_macro   0x000162c3      0x1d9 Drivers\STM32F4xx_HAL_Driver\Src\stm32f4xx_hal_dma.o
 .debug_macro   0x0001649c      0x1d9 Drivers\STM32F4xx_HAL_Driver\Src\stm32f4xx_hal_gpio.o
 .debug_macro   0x00016675      0x221 Drivers\STM32F4xx_HAL_Driver\Src\stm32f4xx_hal_i2c.o
 .debug_macro   0x00016896      0x1f7 Drivers\STM32F4xx_HAL_Driver\Src\stm32f4xx_hal_rcc.o
 .debug_macro   0x00016a8d      0x1d4 Drivers\STM32F4xx_HAL_Driver\Src\stm32f4xx_hal_uart.o

.debug_line     0x00000000     0xf48d
 .debug_line    0x00000000     0x10f7 Core\Inc\UltraLiteDriver\VL53L1X_api.o
 .debug_line    0x000010f7      0xc63 Core\Inc\UltraLiteDriver\platform.o
 .debug_line    0x00001d5a      0xedc Core\Src\main.o
 .debug_line    0x00002c36      0xdbf Core\Src\platform_specific.o
 .debug_line    0x000039f5      0x811 Core\Src\stm32f4xx_it.o
 .debug_line    0x00004206      0x583 Core\Src\sysmem.o
 .debug_line    0x00004789      0x7d3 Core\Src\system_stm32f4xx.o
 .debug_line    0x00004f5c       0x7a Core\Startup\startup_stm32f401retx.o
 .debug_line    0x00004fd6      0xa3c Drivers\STM32F4xx_HAL_Driver\Src\stm32f4xx_hal.o
 .debug_line    0x00005a12      0xd04 Drivers\STM32F4xx_HAL_Driver\Src\stm32f4xx_hal_cortex.o
 .debug_line    0x00006716      0xfac Drivers\STM32F4xx_HAL_Driver\Src\stm32f4xx_hal_dma.o
 .debug_line    0x000076c2      0xb8c Drivers\STM32F4xx_HAL_Driver\Src\stm32f4xx_hal_gpio.o
 .debug_line    0x0000824e     0x3b82 Drivers\STM32F4xx_HAL_Driver\Src\stm32f4xx_hal_i2c.o
 .debug_line    0x0000bdd0      0xdaf Drivers\STM32F4xx_HAL_Driver\Src\stm32f4xx_hal_rcc.o
 .debug_line    0x0000cb7f     0x290e Drivers\STM32F4xx_HAL_Driver\Src\stm32f4xx_hal_uart.o

.debug_str      0x00000000    0x8a641
 .debug_str     0x00000000    0x85a7b Core\Inc\UltraLiteDriver\VL53L1X_api.o
                              0x85d6e (size before relaxing)
 .debug_str     0x00085a7b      0xeeb Core\Inc\UltraLiteDriver\platform.o
                              0x85f86 (size before relaxing)
 .debug_str     0x00086966     0x127b Core\Src\main.o
                              0x8781a (size before relaxing)
 .debug_str     0x00087be1      0x21a Core\Src\platform_specific.o
                              0x86ba7 (size before relaxing)
 .debug_str     0x00087dfb      0x1f9 Core\Src\stm32f4xx_it.o
                              0x80dfc (size before relaxing)
 .debug_str     0x00087ff4      0x4dc Core\Src\sysmem.o
                               0x60d5 (size before relaxing)
 .debug_str     0x000884d0       0xdb Core\Src\system_stm32f4xx.o
                              0x80e12 (size before relaxing)
 .debug_str     0x000885ab       0x44 Core\Startup\startup_stm32f401retx.o
                                 0x7f (size before relaxing)
 .debug_str     0x000885ef      0x5fa Drivers\STM32F4xx_HAL_Driver\Src\stm32f4xx_hal.o
                              0x81834 (size before relaxing)