..\Core\Src\platform_specific.c:17:6:I2C_Init	40	static
..\Core\Src\platform_specific.c:51:6:_I2cFailRecover	48	static
..\Core\Src\platform_specific.c:99:6:UART_Init	16	static
..\Core\Src\platform_specific.c:133:6:UART_Reboot	24	static
..\Core\Src\platform_specific.c:142:6:UART_Print	16	static
..\Core\Src\platform_specific.c:147:6:UART_CheckError	16	static
..\Core\Src\platform_specific.c:156:13:USART2_IRQHandler	8	static
..\Core\Src\platform_specific.c:162:6:HAL_UART_MspInit	40	static
..\Core\Src\platform_specific.c:184:6:HAL_UART_RxCpltCallback	24	static
..\Core\Src\platform_specific.c:217:6:Peek	72	static
..\Core\Src\platform_specific.c:227:6:Peek16	72	static
..\Core\Src\platform_specific.c:243:6:GPIO_Expander_Init	16	static
..\Core\Src\platform_specific.c:267:5:_ExpandersSetAllIO	16	static
..\Core\Src\platform_specific.c:287:5:_ExpanderRd	40	static
..\Core\Src\platform_specific.c:313:5:_ExpanderWR	56	static
..\Core\Src\platform_specific.c:326:9:Sensor_Reset	24	static
