..\Core\Inc\UltraLiteDriver\platform.c:69:10:ReadRegister32	32	static
..\Core\Inc\UltraLiteDriver\platform.c:86:10:ReadRegister16	32	static
..\Core\Inc\UltraLiteDriver\platform.c:103:9:ReadRegister8	32	static
..\Core\Inc\UltraLiteDriver\platform.c:120:6:WriteRegister8	32	static
..\Core\Inc\UltraLiteDriver\platform.c:135:6:WriteRegister16	32	static
..\Core\Inc\UltraLiteDriver\platform.c:151:6:WriteRegister32	32	static
..\Core\Inc\UltraLiteDriver\platform.c:169:6:WaitMs	16	static
..\Core\Inc\UltraLiteDriver\platform.c:181:14:VL53L1_WrByte	32	static
..\Core\Inc\UltraLiteDriver\platform.c:197:14:VL53L1_WrWord	32	static
..\Core\Inc\UltraLiteDriver\platform.c:214:14:VL53L1_WrDWord	32	static
..\Core\Inc\UltraLiteDriver\platform.c:233:14:VL53L1_UpdateByte	32	static
..\Core\Inc\UltraLiteDriver\platform.c:245:14:VL53L1_RdByte	16	static
..\Core\Inc\UltraLiteDriver\platform.c:251:14:VL53L1_RdWord	16	static
..\Core\Inc\UltraLiteDriver\platform.c:258:14:VL53L1_RdDWord	24	static
..\Core\Inc\UltraLiteDriver\platform.c:267:14:VL53L1_GetTickCount	24	static
..\Core\Inc\UltraLiteDriver\platform.c:292:14:VL53L1_GetTimerFrequency	16	static
..\Core\Inc\UltraLiteDriver\platform.c:300:14:VL53L1_WaitMs	16	static
..\Core\Inc\UltraLiteDriver\platform.c:306:14:VL53L1_WaitUs	16	static
